Archive member included to satisfy reference by file (symbol)

c:/program files (x86)/atollic/truestudio for stm32 9.3.0/armtools/bin/../lib/gcc/arm-atollic-eabi/6.3.1/../../../../arm-atollic-eabi/lib/armv7-m\libc_nano.a(lib_a-atoi.o)
                              Src\main.o (atoi)
c:/program files (x86)/atollic/truestudio for stm32 9.3.0/armtools/bin/../lib/gcc/arm-atollic-eabi/6.3.1/../../../../arm-atollic-eabi/lib/armv7-m\libc_nano.a(lib_a-errno.o)
                              Src\syscalls.o (__errno)
c:/program files (x86)/atollic/truestudio for stm32 9.3.0/armtools/bin/../lib/gcc/arm-atollic-eabi/6.3.1/../../../../arm-atollic-eabi/lib/armv7-m\libc_nano.a(lib_a-impure.o)
                              c:/program files (x86)/atollic/truestudio for stm32 9.3.0/armtools/bin/../lib/gcc/arm-atollic-eabi/6.3.1/../../../../arm-atollic-eabi/lib/armv7-m\libc_nano.a(lib_a-errno.o) (_impure_ptr)
c:/program files (x86)/atollic/truestudio for stm32 9.3.0/armtools/bin/../lib/gcc/arm-atollic-eabi/6.3.1/../../../../arm-atollic-eabi/lib/armv7-m\libc_nano.a(lib_a-init.o)
                              startup\startup_stm32f103xb.o (__libc_init_array)
c:/program files (x86)/atollic/truestudio for stm32 9.3.0/armtools/bin/../lib/gcc/arm-atollic-eabi/6.3.1/../../../../arm-atollic-eabi/lib/armv7-m\libc_nano.a(lib_a-memset.o)
                              Drivers\STM32F1xx_HAL_Driver\Src\stm32f1xx_hal_rcc.o (memset)
c:/program files (x86)/atollic/truestudio for stm32 9.3.0/armtools/bin/../lib/gcc/arm-atollic-eabi/6.3.1/../../../../arm-atollic-eabi/lib/armv7-m\libc_nano.a(lib_a-sprintf.o)
                              Src\main.o (sprintf)
c:/program files (x86)/atollic/truestudio for stm32 9.3.0/armtools/bin/../lib/gcc/arm-atollic-eabi/6.3.1/../../../../arm-atollic-eabi/lib/armv7-m\libc_nano.a(lib_a-strcmp.o)
                              Src\main.o (strcmp)
c:/program files (x86)/atollic/truestudio for stm32 9.3.0/armtools/bin/../lib/gcc/arm-atollic-eabi/6.3.1/../../../../arm-atollic-eabi/lib/armv7-m\libc_nano.a(lib_a-strcpy.o)
                              Src\main.o (strcpy)
c:/program files (x86)/atollic/truestudio for stm32 9.3.0/armtools/bin/../lib/gcc/arm-atollic-eabi/6.3.1/../../../../arm-atollic-eabi/lib/armv7-m\libc_nano.a(lib_a-strlen.o)
                              Src\main.o (strlen)
c:/program files (x86)/atollic/truestudio for stm32 9.3.0/armtools/bin/../lib/gcc/arm-atollic-eabi/6.3.1/../../../../arm-atollic-eabi/lib/armv7-m\libc_nano.a(lib_a-strncmp.o)
                              Src\main.o (strncmp)
c:/program files (x86)/atollic/truestudio for stm32 9.3.0/armtools/bin/../lib/gcc/arm-atollic-eabi/6.3.1/../../../../arm-atollic-eabi/lib/armv7-m\libc_nano.a(lib_a-strncpy.o)
                              Src\main.o (strncpy)
c:/program files (x86)/atollic/truestudio for stm32 9.3.0/armtools/bin/../lib/gcc/arm-atollic-eabi/6.3.1/../../../../arm-atollic-eabi/lib/armv7-m\libc_nano.a(lib_a-strtol.o)
                              c:/program files (x86)/atollic/truestudio for stm32 9.3.0/armtools/bin/../lib/gcc/arm-atollic-eabi/6.3.1/../../../../arm-atollic-eabi/lib/armv7-m\libc_nano.a(lib_a-atoi.o) (_strtol_r)
c:/program files (x86)/atollic/truestudio for stm32 9.3.0/armtools/bin/../lib/gcc/arm-atollic-eabi/6.3.1/../../../../arm-atollic-eabi/lib/armv7-m\libc_nano.a(lib_a-locale.o)
                              c:/program files (x86)/atollic/truestudio for stm32 9.3.0/armtools/bin/../lib/gcc/arm-atollic-eabi/6.3.1/../../../../arm-atollic-eabi/lib/armv7-m\libc_nano.a(lib_a-strtol.o) (__locale_ctype_ptr_l)
c:/program files (x86)/atollic/truestudio for stm32 9.3.0/armtools/bin/../lib/gcc/arm-atollic-eabi/6.3.1/../../../../arm-atollic-eabi/lib/armv7-m\libc_nano.a(lib_a-mbtowc_r.o)
                              c:/program files (x86)/atollic/truestudio for stm32 9.3.0/armtools/bin/../lib/gcc/arm-atollic-eabi/6.3.1/../../../../arm-atollic-eabi/lib/armv7-m\libc_nano.a(lib_a-locale.o) (__ascii_mbtowc)
c:/program files (x86)/atollic/truestudio for stm32 9.3.0/armtools/bin/../lib/gcc/arm-atollic-eabi/6.3.1/../../../../arm-atollic-eabi/lib/armv7-m\libc_nano.a(lib_a-nano-svfprintf.o)
                              c:/program files (x86)/atollic/truestudio for stm32 9.3.0/armtools/bin/../lib/gcc/arm-atollic-eabi/6.3.1/../../../../arm-atollic-eabi/lib/armv7-m\libc_nano.a(lib_a-sprintf.o) (_svfprintf_r)
c:/program files (x86)/atollic/truestudio for stm32 9.3.0/armtools/bin/../lib/gcc/arm-atollic-eabi/6.3.1/../../../../arm-atollic-eabi/lib/armv7-m\libc_nano.a(lib_a-nano-vfprintf_i.o)
                              c:/program files (x86)/atollic/truestudio for stm32 9.3.0/armtools/bin/../lib/gcc/arm-atollic-eabi/6.3.1/../../../../arm-atollic-eabi/lib/armv7-m\libc_nano.a(lib_a-nano-svfprintf.o) (_printf_i)
c:/program files (x86)/atollic/truestudio for stm32 9.3.0/armtools/bin/../lib/gcc/arm-atollic-eabi/6.3.1/../../../../arm-atollic-eabi/lib/armv7-m\libc_nano.a(lib_a-wctomb_r.o)
[...]
Memory Configuration

Name             Origin             Length             Attributes
RAM              0x20000000         0x00005000         xrw
FLASH            0x08000000         0x00010000         xr
*default*        0x00000000         0xffffffff

Linker script and memory map

LOAD c:/program files (x86)/atollic/truestudio for stm32 9.3.0/armtools/bin/../lib/gcc/arm-atollic-eabi/6.3.1/armv7-m/crti.o
LOAD c:/program files (x86)/atollic/truestudio for stm32 9.3.0/armtools/bin/../lib/gcc/arm-atollic-eabi/6.3.1/armv7-m/crtbegin.o
LOAD Drivers\STM32F1xx_HAL_Driver\Src\stm32f1xx_hal.o
LOAD Drivers\STM32F1xx_HAL_Driver\Src\stm32f1xx_hal_adc.o
LOAD Drivers\STM32F1xx_HAL_Driver\Src\stm32f1xx_hal_adc_ex.o
LOAD Drivers\STM32F1xx_HAL_Driver\Src\stm32f1xx_hal_cortex.o
LOAD Drivers\STM32F1xx_HAL_Driver\Src\stm32f1xx_hal_dma.o
LOAD Drivers\STM32F1xx_HAL_Driver\Src\stm32f1xx_hal_exti.o
LOAD Drivers\STM32F1xx_HAL_Driver\Src\stm32f1xx_hal_flash.o
LOAD Drivers\STM32F1xx_HAL_Driver\Src\stm32f1xx_hal_flash_ex.o
LOAD Drivers\STM32F1xx_HAL_Driver\Src\stm32f1xx_hal_gpio.o
LOAD Drivers\STM32F1xx_HAL_Driver\Src\stm32f1xx_hal_gpio_ex.o
LOAD Drivers\STM32F1xx_HAL_Driver\Src\stm32f1xx_hal_pwr.o
LOAD Drivers\STM32F1xx_HAL_Driver\Src\stm32f1xx_hal_rcc.o
LOAD Drivers\STM32F1xx_HAL_Driver\Src\stm32f1xx_hal_rcc_ex.o
LOAD Drivers\STM32F1xx_HAL_Driver\Src\stm32f1xx_hal_tim.o
LOAD Drivers\STM32F1xx_HAL_Driver\Src\stm32f1xx_hal_tim_ex.o
LOAD Drivers\STM32F1xx_HAL_Driver\Src\stm32f1xx_hal_uart.o
LOAD Drivers\ringbuffer_dma\ringbuffer_dma.o
LOAD Src\adc.o
LOAD Src\dht_22.o
LOAD Src\dma.o
LOAD Src\ds18b20.o
LOAD Src\dwt.o
LOAD Src\gpio.o
LOAD Src\main.o
LOAD Src\rcc.o
LOAD Src\stm32f1xx_hal_msp.o
LOAD Src\stm32f1xx_it.o
LOAD Src\syscalls.o
LOAD Src\system_stm32f1xx.o
LOAD Src\tim.o
LOAD Src\usart.o
LOAD startup\startup_stm32f103xb.o
                0x00000080                malloc_getpagesize_P = 0x80
START GROUP
LOAD c:/program files (x86)/atollic/truestudio for stm32 9.3.0/armtools/bin/../lib/gcc/arm-atollic-eabi/6.3.1/../../../../arm-atollic-eabi/lib/armv7-m\libc_nano.a
LOAD c:/program files (x86)/atollic/truestudio for stm32 9.3.0/armtools/bin/../lib/gcc/arm-atollic-eabi/6.3.1/../../../../arm-atollic-eabi/lib/armv7-m\libm.a
END GROUP
START GROUP
LOAD c:/program files (x86)/atollic/truestudio for stm32 9.3.0/armtools/bin/../lib/gcc/arm-atollic-eabi/6.3.1/armv7-m\libgcc.a
LOAD c:/program files (x86)/atollic/truestudio for stm32 9.3.0/armtools/bin/../lib/gcc/arm-atollic-eabi/6.3.1/../../../../arm-atollic-eabi/lib/armv7-m\libc_nano.a
END GROUP
START GROUP
LOAD c:/program files (x86)/atollic/truestudio for stm32 9.3.0/armtools/bin/../lib/gcc/arm-atollic-eabi/6.3.1/armv7-m\libgcc.a
LOAD c:/program files (x86)/atollic/truestudio for stm32 9.3.0/armtools/bin/../lib/gcc/arm-atollic-eabi/6.3.1/../../../../arm-atollic-eabi/lib/armv7-m\libc_nano.a
LOAD c:/program files (x86)/atollic/truestudio for stm32 9.3.0/armtools/bin/../lib/gcc/arm-atollic-eabi/6.3.1/../../../../arm-atollic-eabi/lib/armv7-m\libnosys.a
END GROUP
START GROUP
LOAD c:/program files (x86)/atollic/truestudio for stm32 9.3.0/armtools/bin/../lib/gcc/arm-atollic-eabi/6.3.1/armv7-m\libgcc.a
LOAD c:/program files (x86)/atollic/truestudio for stm32 9.3.0/armtools/bin/../lib/gcc/arm-atollic-eabi/6.3.1/../../../../arm-atollic-eabi/lib/armv7-m\libc_nano.a
LOAD c:/program files (x86)/atollic/truestudio for stm32 9.3.0/armtools/bin/../lib/gcc/arm-atollic-eabi/6.3.1/../../../../arm-atollic-eabi/lib/armv7-m\libnosys.a
END GROUP
LOAD c:/program files (x86)/atollic/truestudio for stm32 9.3.0/armtools/bin/../lib/gcc/arm-atollic-eabi/6.3.1/armv7-m/crtend.o
LOAD c:/program files (x86)/atollic/truestudio for stm32 9.3.0/armtools/bin/../lib/gcc/arm-atollic-eabi/6.3.1/armv7-m/crtn.o
                0x20005000                _estack = 0x20005000
                0x00000200                _Min_Heap_Size = 0x200
                0x00000400                _Min_Stack_Size = 0x400

.isr_vector     0x08000000      0x10c
                0x08000000                . = ALIGN (0x4)
 *(.isr_vector)
 .isr_vector    0x08000000      0x10c startup\startup_stm32f103xb.o
                0x08000000                g_pfnVectors
                0x0800010c                . = ALIGN (0x4)

.text           0x08000110     0x5a38
                0x08000110                . = ALIGN (0x4)
 *(.text)
 .text          0x08000110       0x40 c:/program files (x86)/atollic/truestudio for stm32 9.3.0/armtools/bin/../lib/gcc/arm-atollic-eabi/6.3.1/armv7-m/crtbegin.o
 .text          0x08000150       0x14 c:/program files (x86)/atollic/truestudio for stm32 9.3.0/armtools/bin/../lib/gcc/arm-atollic-eabi/6.3.1/../../../../arm-atollic-eabi/lib/armv7-m\libc_nano.a(lib_a-strcmp.o)
                0x08000150                strcmp
 .text          0x08000164       0x10 c:/program files (x86)/atollic/truestudio for stm32 9.3.0/armtools/bin/../lib/gcc/arm-atollic-eabi/6.3.1/../../../../arm-atollic-eabi/lib/armv7-m\libc_nano.a(lib_a-strlen.o)
                0x08000164                strlen
 .text          0x08000174      0x370 c:/program files (x86)/atollic/truestudio for stm32 9.3.0/armtools/bin/../lib/gcc/arm-atollic-eabi/6.3.1/armv7-m\libgcc.a(_arm_addsubdf3.o)
                0x08000174                __aeabi_drsub
                0x0800017c                __aeabi_dsub
                0x0800017c                __subdf3
                0x08000180                __aeabi_dadd
                0x08000180                __adddf3
                0x080003f8                __floatunsidf
                0x080003f8                __aeabi_ui2d
                0x08000418                __floatsidf
                0x08000418                __aeabi_i2d
                0x0800043c                __aeabi_f2d
                0x0800043c                __extendsfdf2
                0x08000478                __floatundidf
                0x08000478                __aeabi_ul2d
                0x08000488                __floatdidf
                0x08000488                __aeabi_l2d
 .text          0x080004e4      0x424 c:/program files (x86)/atollic/truestudio for stm32 9.3.0/armtools/bin/../lib/gcc/arm-atollic-eabi/6.3.1/armv7-m\libgcc.a(_arm_muldivdf3.o)
                0x080004e4                __aeabi_dmul
                0x080004e4                __muldf3
                0x08000738                __divdf3
                0x08000738                __aeabi_ddiv
 .text          0x08000908      0x110 c:/program files (x86)/atollic/truestudio for stm32 9.3.0/armtools/bin/../lib/gcc/arm-atollic-eabi/6.3.1/armv7-m\libgcc.a(_arm_cmpdf2.o)
                0x08000908                __gtdf2
                0x08000908                __gedf2
                0x08000910                __ltdf2
                0x08000910                __ledf2
                0x08000918                __nedf2
                0x08000918                __eqdf2
                0x08000918                __cmpdf2
                0x08000994                __aeabi_cdrcmple
                0x080009a4                __aeabi_cdcmpeq
                0x080009a4                __aeabi_cdcmple
                0x080009b4                __aeabi_dcmpeq
                0x080009c8                __aeabi_dcmplt
                0x080009dc                __aeabi_dcmple
                0x080009f0                __aeabi_dcmpge
                0x08000a04                __aeabi_dcmpgt
 .text          0x08000a18       0x2c c:/program files (x86)/atollic/truestudio for stm32 9.3.0/armtools/bin/../lib/gcc/arm-atollic-eabi/6.3.1/armv7-m\libgcc.a(_arm_unorddf2.o)
                0x08000a18                __unorddf2
                0x08000a18                __aeabi_dcmpun
 .text          0x08000a44       0x40 c:/program files (x86)/atollic/truestudio for stm32 9.3.0/armtools/bin/../lib/gcc/arm-atollic-eabi/6.3.1/armv7-m\libgcc.a(_arm_fixunsdfsi.o)
                0x08000a44                __aeabi_d2uiz
                0x08000a44                __fixunsdfsi
 .text          0x08000a84      0x21c c:/program files (x86)/atollic/truestudio for stm32 9.3.0/armtools/bin/../lib/gcc/arm-atollic-eabi/6.3.1/armv7-m\libgcc.a(_arm_addsubsf3.o)
                0x08000a84                __aeabi_frsub
                0x08000a8c                __subsf3
                0x08000a8c                __aeabi_fsub
                0x08000a90                __aeabi_fadd
                0x08000a90                __addsf3
                0x08000bf0                __aeabi_ui2f
                0x08000bf0                __floatunsisf
                0x08000bf8                __aeabi_i2f
                0x08000bf8                __floatsisf
                0x08000c14                __aeabi_ul2f
                0x08000c14                __floatundisf
                0x08000c24                __aeabi_l2f
                0x08000c24                __floatdisf
 .text          0x08000ca0      0x2a0 c:/program files (x86)/atollic/truestudio for stm32 9.3.0/armtools/bin/../lib/gcc/arm-atollic-eabi/6.3.1/armv7-m\libgcc.a(_arm_muldivsf3.o)
                0x08000ca0                __mulsf3
                0x08000ca0                __aeabi_fmul
                0x08000e08                __aeabi_fdiv
                0x08000e08                __divsf3
 *(.text*)
 .text.HAL_InitTick
                0x08000f40       0x48 Drivers\STM32F1xx_HAL_Driver\Src\stm32f1xx_hal.o
                0x08000f40                HAL_InitTick
 .text.HAL_Init
                0x08000f88       0x24 Drivers\STM32F1xx_HAL_Driver\Src\stm32f1xx_hal.o
                0x08000f88                HAL_Init
 .text.HAL_IncTick
                0x08000fac       0x18 Drivers\STM32F1xx_HAL_Driver\Src\stm32f1xx_hal.o
                0x08000fac                HAL_IncTick
 .text.HAL_GetTick
                0x08000fc4        0xc Drivers\STM32F1xx_HAL_Driver\Src\stm32f1xx_hal.o
                0x08000fc4                HAL_GetTick
 .text.HAL_ADC_PollForConversion
                0x08000fd0      0x13c Drivers\STM32F1xx_HAL_Driver\Src\stm32f1xx_hal_adc.o
                0x08000fd0                HAL_ADC_PollForConversion
 .text.HAL_ADC_GetValue
                0x0800110c        0x6 Drivers\STM32F1xx_HAL_Driver\Src\stm32f1xx_hal_adc.o
                0x0800110c                HAL_ADC_GetValue
 *fill*         0x08001112        0x2 
 .text.HAL_ADC_ConfigChannel
                0x08001114      0x108 Drivers\STM32F1xx_HAL_Driver\Src\stm32f1xx_hal_adc.o
                0x08001114                HAL_ADC_ConfigChannel
 .text.ADC_Enable
                0x0800121c       0x70 Drivers\STM32F1xx_HAL_Driver\Src\stm32f1xx_hal_adc.o
                0x0800121c                ADC_Enable
 .text.HAL_ADC_Start
                0x0800128c       0xc4 Drivers\STM32F1xx_HAL_Driver\Src\stm32f1xx_hal_adc.o
                0x0800128c                HAL_ADC_Start
 .text.ADC_ConversionStop_Disable
                0x08001350       0x44 Drivers\STM32F1xx_HAL_Driver\Src\stm32f1xx_hal_adc.o
                0x08001350                ADC_ConversionStop_Disable
 .text.HAL_ADC_Init
                0x08001394      0x100 Drivers\STM32F1xx_HAL_Driver\Src\stm32f1xx_hal_adc.o
                0x08001394                HAL_ADC_Init
 .text.HAL_NVIC_SetPriorityGrouping
                0x08001494       0x24 Drivers\STM32F1xx_HAL_Driver\Src\stm32f1xx_hal_cortex.o
                0x08001494                HAL_NVIC_SetPriorityGrouping
 .text.HAL_NVIC_SetPriority
                0x080014b8       0x68 Drivers\STM32F1xx_HAL_Driver\Src\stm32f1xx_hal_cortex.o
                0x080014b8                HAL_NVIC_SetPriority
 .text.HAL_NVIC_EnableIRQ
                0x08001520       0x1c Drivers\STM32F1xx_HAL_Driver\Src\stm32f1xx_hal_cortex.o
                0x08001520                HAL_NVIC_EnableIRQ
 .text.HAL_SYSTICK_Config
                0x0800153c       0x2c Drivers\STM32F1xx_HAL_Driver\Src\stm32f1xx_hal_cortex.o
                0x0800153c                HAL_SYSTICK_Config
 .text.HAL_DMA_Init
                0x08001568       0x60 Drivers\STM32F1xx_HAL_Driver\Src\stm32f1xx_hal_dma.o
                0x08001568                HAL_DMA_Init
 .text.HAL_DMA_Start_IT
                0x080015c8       0x7a Drivers\STM32F1xx_HAL_Driver\Src\stm32f1xx_hal_dma.o
                0x080015c8                HAL_DMA_Start_IT
 *fill*         0x08001642        0x2 
 .text.HAL_GPIO_Init
                0x08001644      0x1c4 Drivers\STM32F1xx_HAL_Driver\Src\stm32f1xx_hal_gpio.o
                0x08001644                HAL_GPIO_Init
 .text.HAL_GPIO_WritePin
                0x08001808        0xa Drivers\STM32F1xx_HAL_Driver\Src\stm32f1xx_hal_gpio.o
                0x08001808                HAL_GPIO_WritePin
 .text.HAL_GPIO_EXTI_Callback
                0x08001812        0x2 Drivers\STM32F1xx_HAL_Driver\Src\stm32f1xx_hal_gpio.o
                0x08001812                HAL_GPIO_EXTI_Callback
 .text.HAL_GPIO_EXTI_IRQHandler
                0x08001814       0x18 Drivers\STM32F1xx_HAL_Driver\Src\stm32f1xx_hal_gpio.o
                0x08001814                HAL_GPIO_EXTI_IRQHandler
 .text.HAL_RCC_OscConfig
                0x0800182c      0x33c Drivers\STM32F1xx_HAL_Driver\Src\stm32f1xx_hal_rcc.o
                0x0800182c                HAL_RCC_OscConfig
 .text.HAL_RCC_GetSysClockFreq
                0x08001b68       0x78 Drivers\STM32F1xx_HAL_Driver\Src\stm32f1xx_hal_rcc.o
                0x08001b68                HAL_RCC_GetSysClockFreq
 .text.HAL_RCC_ClockConfig
                0x08001be0      0x13c Drivers\STM32F1xx_HAL_Driver\Src\stm32f1xx_hal_rcc.o
                0x08001be0                HAL_RCC_ClockConfig
 .text.HAL_RCC_GetPCLK1Freq
                0x08001d1c       0x20 Drivers\STM32F1xx_HAL_Driver\Src\stm32f1xx_hal_rcc.o
                0x08001d1c                HAL_RCC_GetPCLK1Freq
 .text.HAL_RCC_GetPCLK2Freq
                0x08001d3c       0x20 Drivers\STM32F1xx_HAL_Driver\Src\stm32f1xx_hal_rcc.o
                0x08001d3c                HAL_RCC_GetPCLK2Freq
 .text.HAL_RCCEx_PeriphCLKConfig
                0x08001d5c       0xf0 Drivers\STM32F1xx_HAL_Driver\Src\stm32f1xx_hal_rcc_ex.o
                0x08001d5c                HAL_RCCEx_PeriphCLKConfig
 .text.HAL_RCCEx_GetPeriphCLKFreq
                0x08001e4c       0xec Drivers\STM32F1xx_HAL_Driver\Src\stm32f1xx_hal_rcc_ex.o
                0x08001e4c                HAL_RCCEx_GetPeriphCLKFreq
 .text.TIM_OC1_SetConfig
                0x08001f38       0x50 Drivers\STM32F1xx_HAL_Driver\Src\stm32f1xx_hal_tim.o
 .text.TIM_OC3_SetConfig
                0x08001f88       0x54 Drivers\STM32F1xx_HAL_Driver\Src\stm32f1xx_hal_tim.o
 .text.TIM_OC4_SetConfig
                0x08001fdc       0x44 Drivers\STM32F1xx_HAL_Driver\Src\stm32f1xx_hal_tim.o
 .text.HAL_TIM_Base_Start_IT
                0x08002020       0x20 Drivers\STM32F1xx_HAL_Driver\Src\stm32f1xx_hal_tim.o
                0x08002020                HAL_TIM_Base_Start_IT
 .text.HAL_TIM_PWM_MspInit
                0x08002040        0x2 Drivers\STM32F1xx_HAL_Driver\Src\stm32f1xx_hal_tim.o
                0x08002040                HAL_TIM_PWM_MspInit
 .text.HAL_TIM_PeriodElapsedCallback
                0x08002042        0x2 Drivers\STM32F1xx_HAL_Driver\Src\stm32f1xx_hal_tim.o
                0x08002042                HAL_TIM_PeriodElapsedCallback
 .text.HAL_TIM_OC_DelayElapsedCallback
                0x08002044        0x2 Drivers\STM32F1xx_HAL_Driver\Src\stm32f1xx_hal_tim.o
                0x08002044                HAL_TIM_OC_DelayElapsedCallback
 .text.HAL_TIM_IC_CaptureCallback
                0x08002046        0x2 Drivers\STM32F1xx_HAL_Driver\Src\stm32f1xx_hal_tim.o
                0x08002046                HAL_TIM_IC_CaptureCallback
 .text.HAL_TIM_TriggerCallback
                0x08002048        0x2 Drivers\STM32F1xx_HAL_Driver\Src\stm32f1xx_hal_tim.o
                0x08002048                HAL_TIM_TriggerCallback
 .text.HAL_TIM_IRQHandler
                0x0800204a      0x144 Drivers\STM32F1xx_HAL_Driver\Src\stm32f1xx_hal_tim.o
                0x0800204a                HAL_TIM_IRQHandler
 *fill*         0x0800218e        0x2 
 .text.TIM_Base_SetConfig
                0x08002190       0x70 Drivers\STM32F1xx_HAL_Driver\Src\stm32f1xx_hal_tim.o
                0x08002190                TIM_Base_SetConfig
 .text.HAL_TIM_Base_Init
                0x08002200       0x34 Drivers\STM32F1xx_HAL_Driver\Src\stm32f1xx_hal_tim.o
                0x08002200                HAL_TIM_Base_Init
 .text.HAL_TIM_PWM_Init
                0x08002234       0x34 Drivers\STM32F1xx_HAL_Driver\Src\stm32f1xx_hal_tim.o
                0x08002234                HAL_TIM_PWM_Init
 .text.TIM_OC2_SetConfig
                0x08002268       0x58 Drivers\STM32F1xx_HAL_Driver\Src\stm32f1xx_hal_tim.o
                0x08002268                TIM_OC2_SetConfig
 .text.HAL_TIM_PWM_ConfigChannel
                0x080022c0       0xc4 Drivers\STM32F1xx_HAL_Driver\Src\stm32f1xx_hal_tim.o
                0x080022c0                HAL_TIM_PWM_ConfigChannel
 .text.TIM_ETR_SetConfig
                0x08002384       0x14 Drivers\STM32F1xx_HAL_Driver\Src\stm32f1xx_hal_tim.o
                0x08002384                TIM_ETR_SetConfig
 .text.HAL_TIM_ConfigClockSource
                0x08002398      0x128 Drivers\STM32F1xx_HAL_Driver\Src\stm32f1xx_hal_tim.o
                0x08002398                HAL_TIM_ConfigClockSource
 .text.TIM_CCxChannelCmd
                0x080024c0       0x1c Drivers\STM32F1xx_HAL_Driver\Src\stm32f1xx_hal_tim.o
                0x080024c0                TIM_CCxChannelCmd
 .text.HAL_TIM_PWM_Start_IT
                0x080024dc       0x74 Drivers\STM32F1xx_HAL_Driver\Src\stm32f1xx_hal_tim.o
                0x080024dc                HAL_TIM_PWM_Start_IT
 .text.HAL_TIMEx_MasterConfigSynchronization
                0x08002550       0x3c Drivers\STM32F1xx_HAL_Driver\Src\stm32f1xx_hal_tim_ex.o
                0x08002550                HAL_TIMEx_MasterConfigSynchronization
 .text.HAL_TIMEx_ConfigBreakDeadTime
                0x0800258c       0x4c Drivers\STM32F1xx_HAL_Driver\Src\stm32f1xx_hal_tim_ex.o
                0x0800258c                HAL_TIMEx_ConfigBreakDeadTime
 .text.HAL_TIMEx_CommutCallback
                0x080025d8        0x2 Drivers\STM32F1xx_HAL_Driver\Src\stm32f1xx_hal_tim_ex.o
                0x080025d8                HAL_TIMEx_CommutCallback
 .text.HAL_TIMEx_BreakCallback
                0x080025da        0x2 Drivers\STM32F1xx_HAL_Driver\Src\stm32f1xx_hal_tim_ex.o
                0x080025da                HAL_TIMEx_BreakCallback
 .text.UART_EndRxTransfer
                0x080025dc       0x1a Drivers\STM32F1xx_HAL_Driver\Src\stm32f1xx_hal_uart.o
 *fill*         0x080025f6        0x2 
 .text.UART_SetConfig
                0x080025f8       0x74 Drivers\STM32F1xx_HAL_Driver\Src\stm32f1xx_hal_uart.o
 .text.UART_WaitOnFlagUntilTimeout.constprop.3
                0x0800266c       0x50 Drivers\STM32F1xx_HAL_Driver\Src\stm32f1xx_hal_uart.o
 .text.HAL_UART_Init
                0x080026bc       0x5c Drivers\STM32F1xx_HAL_Driver\Src\stm32f1xx_hal_uart.o
                0x080026bc                HAL_UART_Init
 .text.HAL_UART_Transmit
                0x08002718       0xb8 Drivers\STM32F1xx_HAL_Driver\Src\stm32f1xx_hal_uart.o
                0x08002718                HAL_UART_Transmit
 .text.HAL_UART_Receive_DMA
                0x080027d0       0x90 Drivers\STM32F1xx_HAL_Driver\Src\stm32f1xx_hal_uart.o
                0x080027d0                HAL_UART_Receive_DMA
 .text.HAL_UART_RxCpltCallback
                0x08002860        0x2 Drivers\STM32F1xx_HAL_Driver\Src\stm32f1xx_hal_uart.o
                0x08002860                HAL_UART_RxCpltCallback
 .text.UART_DMAReceiveCplt
                0x08002862       0x38 Drivers\STM32F1xx_HAL_Driver\Src\stm32f1xx_hal_uart.o
 .text.HAL_UART_RxHalfCpltCallback
                0x0800289a        0x2 Drivers\STM32F1xx_HAL_Driver\Src\stm32f1xx_hal_uart.o
                0x0800289a                HAL_UART_RxHalfCpltCallback
 .text.UART_DMARxHalfCplt
                0x0800289c        0xa Drivers\STM32F1xx_HAL_Driver\Src\stm32f1xx_hal_uart.o
 .text.HAL_UART_ErrorCallback
                0x080028a6        0x2 Drivers\STM32F1xx_HAL_Driver\Src\stm32f1xx_hal_uart.o
                0x080028a6                HAL_UART_ErrorCallback
 .text.UART_DMAError
                0x080028a8       0x4e Drivers\STM32F1xx_HAL_Driver\Src\stm32f1xx_hal_uart.o
 .text.RingBuffer_DMA_Count
                0x080028f6       0x1c Drivers\ringbuffer_dma\ringbuffer_dma.o
                0x080028f6                RingBuffer_DMA_Count
 .text.RingBuffer_DMA_GetByte
                0x08002912       0x2e Drivers\ringbuffer_dma\ringbuffer_dma.o
                0x08002912                RingBuffer_DMA_GetByte
 .text.RingBuffer_DMA_Init
                0x08002940        0xa Drivers\ringbuffer_dma\ringbuffer_dma.o
                0x08002940                RingBuffer_DMA_Init
 *fill*         0x0800294a        0x2 
 .text.MX_ADC1_Init
                0x0800294c       0x50 Src\adc.o
                0x0800294c                MX_ADC1_Init
 .text.HAL_ADC_MspInit
                0x0800299c       0x5c Src\adc.o
                0x0800299c                HAL_ADC_MspInit
 .text.ADC_GetValue
                0x080029f8       0x34 Src\adc.o
                0x080029f8                ADC_GetValue
 .text.MX_DMA_Init
                0x08002a2c       0x30 Src\dma.o
                0x08002a2c                MX_DMA_Init
 .text.DWT_DelayUpdate
                0x08002a5c       0x2c Src\dwt.o
                0x08002a5c                DWT_DelayUpdate
 .text.DWT_Init
                0x08002a88       0x20 Src\dwt.o
                0x08002a88                DWT_Init
 .text.DWT_Delay_ms
                0x08002aa8       0x1c Src\dwt.o
                0x08002aa8                DWT_Delay_ms
 .text.MX_GPIO_Init
                0x08002ac4      0x108 Src\gpio.o
                0x08002ac4                MX_GPIO_Init
 .text.Process_Command
                0x08002bcc       0xd8 Src\main.o
                0x08002bcc                Process_Command
 .text.Info_Sensors
                0x08002ca4       0x74 Src\main.o
                0x08002ca4                Info_Sensors
 .text.Transforming_DataAnalogSensors
                0x08002d18       0x8c Src\main.o
                0x08002d18                Transforming_DataAnalogSensors
 .text.Answer_OK
                0x08002da4       0x30 Src\main.o
                0x08002da4                Answer_OK
 .text.Answer_UnknownParameter
                0x08002dd4       0x30 Src\main.o
                0x08002dd4                Answer_UnknownParameter
 .text.write_Limits
                0x08002e04      0x140 Src\main.o
                0x08002e04                write_Limits
 .text.Set_LimitSettings
                0x08002f44      0x2e4 Src\main.o
                0x08002f44                Set_LimitSettings
 .text.Start_Periphery
                0x08003228       0x20 Src\main.o
                0x08003228                Start_Periphery
 .text.Stop_Periphery
                0x08003248       0x40 Src\main.o
                0x08003248                Stop_Periphery
 .text.Relay_Algorithm
                0x08003288       0xd4 Src\main.o
                0x08003288                Relay_Algorithm
 .text.PWM_Algorithm
                0x0800335c       0x40 Src\main.o
                0x0800335c                PWM_Algorithm
 .text.startup.main
                0x0800339c      0x164 Src\main.o
                0x0800339c                main
 .text.Error_Handler
                0x08003500        0x2 Src\main.o
                0x08003500                Error_Handler
 .text.SystemClock_Config
                0x08003502       0x84 Src\rcc.o
                0x08003502                SystemClock_Config
 *fill*         0x08003586        0x2 
 .text.HAL_MspInit
                0x08003588       0x44 Src\stm32f1xx_hal_msp.o
                0x08003588                HAL_MspInit
 .text.NMI_Handler
                0x080035cc        0x2 Src\stm32f1xx_it.o
                0x080035cc                NMI_Handler
 .text.HardFault_Handler
                0x080035ce        0x2 Src\stm32f1xx_it.o
                0x080035ce                HardFault_Handler
 .text.MemManage_Handler
                0x080035d0        0x2 Src\stm32f1xx_it.o
                0x080035d0                MemManage_Handler
 .text.BusFault_Handler
                0x080035d2        0x2 Src\stm32f1xx_it.o
                0x080035d2                BusFault_Handler
 .text.UsageFault_Handler
                0x080035d4        0x2 Src\stm32f1xx_it.o
                0x080035d4                UsageFault_Handler
 .text.SVC_Handler
                0x080035d6        0x2 Src\stm32f1xx_it.o
                0x080035d6                SVC_Handler
 .text.DebugMon_Handler
                0x080035d8        0x2 Src\stm32f1xx_it.o
                0x080035d8                DebugMon_Handler
 .text.PendSV_Handler
                0x080035da        0x2 Src\stm32f1xx_it.o
                0x080035da                PendSV_Handler
 .text.SysTick_Handler
                0x080035dc        0x4 Src\stm32f1xx_it.o
                0x080035dc                SysTick_Handler
 .text.EXTI3_IRQHandler
                0x080035e0       0x34 Src\stm32f1xx_it.o
                0x080035e0                EXTI3_IRQHandler
 .text.DMA1_Channel6_IRQHandler
                0x08003614        0x2 Src\stm32f1xx_it.o
                0x08003614                DMA1_Channel6_IRQHandler
 *fill*         0x08003616        0x2 
 .text.TIM1_CC_IRQHandler
                0x08003618        0xc Src\stm32f1xx_it.o
                0x08003618                TIM1_CC_IRQHandler
 .text.HAL_TIM_PWM_PulseFinishedCallback
                0x08003624       0x24 Src\stm32f1xx_it.o
                0x08003624                HAL_TIM_PWM_PulseFinishedCallback
 .text.Switch_Control
                0x08003648       0x28 Src\stm32f1xx_it.o
                0x08003648                Switch_Control
 .text.TIM2_IRQHandler
                0x08003670       0xc4 Src\stm32f1xx_it.o
                0x08003670                TIM2_IRQHandler
 .text._sbrk    0x08003734       0x34 Src\syscalls.o
                0x08003734                _sbrk
 .text.SystemInit
                0x08003768       0x4c Src\system_stm32f1xx.o
                0x08003768                SystemInit
 .text.MX_TIM2_Init
                0x080037b4       0x68 Src\tim.o
                0x080037b4                MX_TIM2_Init
 .text.HAL_TIM_Base_MspInit
                0x0800381c       0x68 Src\tim.o
                0x0800381c                HAL_TIM_Base_MspInit
 .text.HAL_TIM_MspPostInit
                0x08003884       0x50 Src\tim.o
                0x08003884                HAL_TIM_MspPostInit
 .text.MX_TIM1_Init
                0x080038d4       0xd4 Src\tim.o
                0x080038d4                MX_TIM1_Init
 .text.MX_USART2_UART_Init
                0x080039a8       0x38 Src\usart.o
                0x080039a8                MX_USART2_UART_Init
 .text.HAL_UART_MspInit
                0x080039e0       0xa4 Src\usart.o
                0x080039e0                HAL_UART_MspInit
 .text.Reset_Handler
                0x08003a84       0x48 startup\startup_stm32f103xb.o
                0x08003a84                Reset_Handler
 .text.Default_Handler
                0x08003acc        0x2 startup\startup_stm32f103xb.o
                0x08003acc                RTC_Alarm_IRQHandler
                0x08003acc                EXTI2_IRQHandler
                0x08003acc                PVD_IRQHandler
                0x08003acc                EXTI0_IRQHandler
                0x08003acc                I2C2_EV_IRQHandler
                0x08003acc                ADC1_2_IRQHandler
                0x08003acc                SPI1_IRQHandler
                0x08003acc                TAMPER_IRQHandler
                0x08003acc                DMA1_Channel4_IRQHandler
                0x08003acc                USART3_IRQHandler
                0x08003acc                RTC_IRQHandler
                0x08003acc                DMA1_Channel7_IRQHandler
                0x08003acc                CAN1_RX1_IRQHandler
                0x08003acc                TIM4_IRQHandler
                0x08003acc                I2C1_EV_IRQHandler
                0x08003acc                TIM3_IRQHandler
                0x08003acc                RCC_IRQHandler
                0x08003acc                TIM1_TRG_COM_IRQHandler
                0x08003acc                DMA1_Channel1_IRQHandler
                0x08003acc                Default_Handler
                0x08003acc                EXTI15_10_IRQHandler
                0x08003acc                EXTI9_5_IRQHandler
                0x08003acc                SPI2_IRQHandler
                0x08003acc                DMA1_Channel5_IRQHandler
                0x08003acc                EXTI4_IRQHandler
                0x08003acc                USB_LP_CAN1_RX0_IRQHandler
                0x08003acc                USB_HP_CAN1_TX_IRQHandler
                0x08003acc                DMA1_Channel3_IRQHandler
                0x08003acc                TIM1_UP_IRQHandler
                0x08003acc                WWDG_IRQHandler
                0x08003acc                TIM1_BRK_IRQHandler
                0x08003acc                EXTI1_IRQHandler
                0x08003acc                USART2_IRQHandler
                0x08003acc                I2C2_ER_IRQHandler
                0x08003acc                DMA1_Channel2_IRQHandler
                0x08003acc                CAN1_SCE_IRQHandler
                0x08003acc                FLASH_IRQHandler
                0x08003acc                USART1_IRQHandler
                0x08003acc                I2C1_ER_IRQHandler
                0x08003acc                USBWakeUp_IRQHandler
 .text.atoi     0x08003ace        0x8 c:/program files (x86)/atollic/truestudio for stm32 9.3.0/armtools/bin/../lib/gcc/arm-atollic-eabi/6.3.1/../../../../arm-atollic-eabi/lib/armv7-m\libc_nano.a(lib_a-atoi.o)
                0x08003ace                atoi
 *fill*         0x08003ad6        0x2 
 .text.__errno  0x08003ad8        0xc c:/program files (x86)/atollic/truestudio for stm32 9.3.0/armtools/bin/../lib/gcc/arm-atollic-eabi/6.3.1/../../../../arm-atollic-eabi/lib/armv7-m\libc_nano.a(lib_a-errno.o)
                0x08003ad8                __errno
 .text.__libc_init_array
                0x08003ae4       0x48 c:/program files (x86)/atollic/truestudio for stm32 9.3.0/armtools/bin/../lib/gcc/arm-atollic-eabi/6.3.1/../../../../arm-atollic-eabi/lib/armv7-m\libc_nano.a(lib_a-init.o)
                0x08003ae4                __libc_init_array
 .text.memset   0x08003b2c       0x10 c:/program files (x86)/atollic/truestudio for stm32 9.3.0/armtools/bin/../lib/gcc/arm-atollic-eabi/6.3.1/../../../../arm-atollic-eabi/lib/armv7-m\libc_nano.a(lib_a-memset.o)
                0x08003b2c                memset
 .text.sprintf  0x08003b3c       0x48 c:/program files (x86)/atollic/truestudio for stm32 9.3.0/armtools/bin/../lib/gcc/arm-atollic-eabi/6.3.1/../../../../arm-atollic-eabi/lib/armv7-m\libc_nano.a(lib_a-sprintf.o)
                0x08003b3c                siprintf
                0x08003b3c                sprintf
 .text.strcpy   0x08003b84       0x10 c:/program files (x86)/atollic/truestudio for stm32 9.3.0/armtools/bin/../lib/gcc/arm-atollic-eabi/6.3.1/../../../../arm-atollic-eabi/lib/armv7-m\libc_nano.a(lib_a-strcpy.o)
                0x08003b84                strcpy
 .text.strncmp  0x08003b94       0x24 c:/program files (x86)/atollic/truestudio for stm32 9.3.0/armtools/bin/../lib/gcc/arm-atollic-eabi/6.3.1/../../../../arm-atollic-eabi/lib/armv7-m\libc_nano.a(lib_a-strncmp.o)
                0x08003b94                strncmp
 .text.strncpy  0x08003bb8       0x2a c:/program files (x86)/atollic/truestudio for stm32 9.3.0/armtools/bin/../lib/gcc/arm-atollic-eabi/6.3.1/../../../../arm-atollic-eabi/lib/armv7-m\libc_nano.a(lib_a-strncpy.o)
                0x08003bb8                strncpy
 .text._strtol_l.isra.0
                0x08003be2      0x100 c:/program files (x86)/atollic/truestudio for stm32 9.3.0/armtools/bin/../lib/gcc/arm-atollic-eabi/6.3.1/../../../../arm-atollic-eabi/lib/armv7-m\libc_nano.a(lib_a-strtol.o)
 *fill*         0x08003ce2        0x2 
 .text.strtol   0x08003ce4       0x2c c:/program files (x86)/atollic/truestudio for stm32 9.3.0/armtools/bin/../lib/gcc/arm-atollic-eabi/6.3.1/../../../../arm-atollic-eabi/lib/armv7-m\libc_nano.a(lib_a-strtol.o)
                0x08003ce4                strtol
 .text.__locale_ctype_ptr_l
                0x08003d10        0x6 c:/program files (x86)/atollic/truestudio for stm32 9.3.0/armtools/bin/../lib/gcc/arm-atollic-eabi/6.3.1/../../../../arm-atollic-eabi/lib/armv7-m\libc_nano.a(lib_a-locale.o)
                0x08003d10                __locale_ctype_ptr_l
 .text.__ascii_mbtowc
                0x08003d16       0x24 c:/program files (x86)/atollic/truestudio for stm32 9.3.0/armtools/bin/../lib/gcc/arm-atollic-eabi/6.3.1/../../../../arm-atollic-eabi/lib/armv7-m\libc_nano.a(lib_a-mbtowc_r.o)
                0x08003d16                __ascii_mbtowc
 .text.__ssputs_r
                0x08003d3a       0xb6 c:/program files (x86)/atollic/truestudio for stm32 9.3.0/armtools/bin/../lib/gcc/arm-atollic-eabi/6.3.1/../../../../arm-atollic-eabi/lib/armv7-m\libc_nano.a(lib_a-nano-svfprintf.o)
                0x08003d3a                __ssputs_r
 .text._svfprintf_r
                0x08003df0      0x1e8 c:/program files (x86)/atollic/truestudio for stm32 9.3.0/armtools/bin/../lib/gcc/arm-atollic-eabi/6.3.1/../../../../arm-atollic-eabi/lib/armv7-m\libc_nano.a(lib_a-nano-svfprintf.o)
                0x08003df0                _svfiprintf_r
                0x08003df0                _svfprintf_r
 .text._printf_common
                0x08003fd8       0xee c:/program files (x86)/atollic/truestudio for stm32 9.3.0/armtools/bin/../lib/gcc/arm-atollic-eabi/6.3.1/../../../../arm-atollic-eabi/lib/armv7-m\libc_nano.a(lib_a-nano-vfprintf_i.o)
                0x08003fd8                _printf_common
 *fill*         0x080040c6        0x2 
 .text._printf_i
                0x080040c8      0x240 c:/program files (x86)/atollic/truestudio for stm32 9.3.0/armtools/bin/../lib/gcc/arm-atollic-eabi/6.3.1/../../../../arm-atollic-eabi/lib/armv7-m\libc_nano.a(lib_a-nano-vfprintf_i.o)
                0x080040c8                _printf_i
 .text.__ascii_wctomb
                0x08004308       0x1a c:/program files (x86)/atollic/truestudio for stm32 9.3.0/armtools/bin/../lib/gcc/arm-atollic-eabi/6.3.1/../../../../arm-atollic-eabi/lib/armv7-m\libc_nano.a(lib_a-wctomb_r.o)
                0x08004308                __ascii_wctomb
 .text.memchr   0x08004322       0x1c c:/program files (x86)/atollic/truestudio for stm32 9.3.0/armtools/bin/../lib/gcc/arm-atollic-eabi/6.3.1/../../../../arm-atollic-eabi/lib/armv7-m\libc_nano.a(lib_a-memchr-stub.o)
                0x08004322                memchr
 .text.memcpy   0x0800433e       0x16 c:/program files (x86)/atollic/truestudio for stm32 9.3.0/armtools/bin/../lib/gcc/arm-atollic-eabi/6.3.1/../../../../arm-atollic-eabi/lib/armv7-m\libc_nano.a(lib_a-memcpy-stub.o)
                0x0800433e                memcpy
 .text.memmove  0x08004354       0x34 c:/program files (x86)/atollic/truestudio for stm32 9.3.0/armtools/bin/../lib/gcc/arm-atollic-eabi/6.3.1/../../../../arm-atollic-eabi/lib/armv7-m\libc_nano.a(lib_a-memmove.o)
                0x08004354                memmove
 .text._free_r  0x08004388       0x98 c:/program files (x86)/atollic/truestudio for stm32 9.3.0/armtools/bin/../lib/gcc/arm-atollic-eabi/6.3.1/../../../../arm-atollic-eabi/lib/armv7-m\libc_nano.a(lib_a-nano-freer.o)
                0x08004388                _free_r
 .text._malloc_r
                0x08004420       0xbc c:/program files (x86)/atollic/truestudio for stm32 9.3.0/armtools/bin/../lib/gcc/arm-atollic-eabi/6.3.1/../../../../arm-atollic-eabi/lib/armv7-m\libc_nano.a(lib_a-nano-mallocr.o)
                0x08004420                _malloc_r
 .text._realloc_r
                0x080044dc       0x4c c:/program files (x86)/atollic/truestudio for stm32 9.3.0/armtools/bin/../lib/gcc/arm-atollic-eabi/6.3.1/../../../../arm-atollic-eabi/lib/armv7-m\libc_nano.a(lib_a-nano-reallocr.o)
                0x080044dc                _realloc_r
 .text._sbrk_r  0x08004528       0x20 c:/program files (x86)/atollic/truestudio for stm32 9.3.0/armtools/bin/../lib/gcc/arm-atollic-eabi/6.3.1/../../../../arm-atollic-eabi/lib/armv7-m\libc_nano.a(lib_a-sbrkr.o)
                0x08004528                _sbrk_r
 .text.__malloc_lock
                0x08004548        0x2 c:/program files (x86)/atollic/truestudio for stm32 9.3.0/armtools/bin/../lib/gcc/arm-atollic-eabi/6.3.1/../../../../arm-atollic-eabi/lib/armv7-m\libc_nano.a(lib_a-mlock.o)
                0x08004548                __malloc_lock
 .text.__malloc_unlock
                0x0800454a        0x2 c:/program files (x86)/atollic/truestudio for stm32 9.3.0/armtools/bin/../lib/gcc/arm-atollic-eabi/6.3.1/../../../../arm-atollic-eabi/lib/armv7-m\libc_nano.a(lib_a-mlock.o)
                0x0800454a                __malloc_unlock
 .text._malloc_usable_size_r
                0x0800454c       0x12 c:/program files (x86)/atollic/truestudio for stm32 9.3.0/armtools/bin/../lib/gcc/arm-atollic-eabi/6.3.1/../../../../arm-atollic-eabi/lib/armv7-m\libc_nano.a(lib_a-nano-msizer.o)
                0x0800454c                _malloc_usable_size_r
 *fill*         0x0800455e        0x2 
 .text.log10    0x08004560       0xf4 c:/program files (x86)/atollic/truestudio for stm32 9.3.0/armtools/bin/../lib/gcc/arm-atollic-eabi/6.3.1/../../../../arm-atollic-eabi/lib/armv7-m\libm.a(lib_a-w_log10.o)
                0x08004560                log10
 .text.pow      0x08004654      0x2c8 c:/program files (x86)/atollic/truestudio for stm32 9.3.0/armtools/bin/../lib/gcc/arm-atollic-eabi/6.3.1/../../../../arm-atollic-eabi/lib/armv7-m\libm.a(lib_a-w_pow.o)
                0x08004654                pow
 *fill*         0x0800491c        0x4 
 .text.__ieee754_log10
                0x08004920      0x104 c:/program files (x86)/atollic/truestudio for stm32 9.3.0/armtools/bin/../lib/gcc/arm-atollic-eabi/6.3.1/../../../../arm-atollic-eabi/lib/armv7-m\libm.a(lib_a-e_log10.o)
                0x08004920                __ieee754_log10
 *fill*         0x08004a24        0x4 
 .text.__ieee754_pow
                0x08004a28      0x9e4 c:/program files (x86)/atollic/truestudio for stm32 9.3.0/armtools/bin/../lib/gcc/arm-atollic-eabi/6.3.1/../../../../arm-atollic-eabi/lib/armv7-m\libm.a(lib_a-e_pow.o)
                0x08004a28                __ieee754_pow
 .text.__ieee754_sqrt
                0x0800540c      0x158 c:/program files (x86)/atollic/truestudio for stm32 9.3.0/armtools/bin/../lib/gcc/arm-atollic-eabi/6.3.1/../../../../arm-atollic-eabi/lib/armv7-m\libm.a(lib_a-e_sqrt.o)
                0x0800540c                __ieee754_sqrt
 .text.fabs     0x08005564        0x6 c:/program files (x86)/atollic/truestudio for stm32 9.3.0/armtools/bin/../lib/gcc/arm-atollic-eabi/6.3.1/../../../../arm-atollic-eabi/lib/armv7-m\libm.a(lib_a-s_fabs.o)
                0x08005564                fabs
 .text.finite   0x0800556a        0xc c:/program files (x86)/atollic/truestudio for stm32 9.3.0/armtools/bin/../lib/gcc/arm-atollic-eabi/6.3.1/../../../../arm-atollic-eabi/lib/armv7-m\libm.a(lib_a-s_finite.o)
                0x0800556a                finite
 .text.matherr  0x08005576        0x4 c:/program files (x86)/atollic/truestudio for stm32 9.3.0/armtools/bin/../lib/gcc/arm-atollic-eabi/6.3.1/../../../../arm-atollic-eabi/lib/armv7-m\libm.a(lib_a-s_matherr.o)
                0x08005576                matherr
 *fill*         0x0800557a        0x2 
 .text.nan      0x0800557c        0xc c:/program files (x86)/atollic/truestudio for stm32 9.3.0/armtools/bin/../lib/gcc/arm-atollic-eabi/6.3.1/../../../../arm-atollic-eabi/lib/armv7-m\libm.a(lib_a-s_nan.o)
                0x0800557c                nan
 .text.rint     0x08005588      0x110 c:/program files (x86)/atollic/truestudio for stm32 9.3.0/armtools/bin/../lib/gcc/arm-atollic-eabi/6.3.1/../../../../arm-atollic-eabi/lib/armv7-m\libm.a(lib_a-s_rint.o)
                0x08005588                rint
 .text.scalbn   0x08005698       0xdc c:/program files (x86)/atollic/truestudio for stm32 9.3.0/armtools/bin/../lib/gcc/arm-atollic-eabi/6.3.1/../../../../arm-atollic-eabi/lib/armv7-m\libm.a(lib_a-s_scalbn.o)
                0x08005698                scalbn
 *fill*         0x08005774        0x4 
 .text.__ieee754_log
                0x08005778      0x3a8 c:/program files (x86)/atollic/truestudio for stm32 9.3.0/armtools/bin/../lib/gcc/arm-atollic-eabi/6.3.1/../../../../arm-atollic-eabi/lib/armv7-m\libm.a(lib_a-e_log.o)
                0x08005778                __ieee754_log
 .text.copysign
                0x08005b20        0xe c:/program files (x86)/atollic/truestudio for stm32 9.3.0/armtools/bin/../lib/gcc/arm-atollic-eabi/6.3.1/../../../../arm-atollic-eabi/lib/armv7-m\libm.a(lib_a-s_copysign.o)
                0x08005b20                copysign
 *(.glue_7)
 .glue_7        0x08005b2e        0x0 linker stubs
 *(.glue_7t)
 .glue_7t       0x08005b2e        0x0 linker stubs
 *(.eh_frame)
 *fill*         0x08005b2e        0x2 
 .eh_frame      0x08005b30        0x0 c:/program files (x86)/atollic/truestudio for stm32 9.3.0/armtools/bin/../lib/gcc/arm-atollic-eabi/6.3.1/armv7-m/crtbegin.o
 *(.init)
 .init          0x08005b30        0x4 c:/program files (x86)/atollic/truestudio for stm32 9.3.0/armtools/bin/../lib/gcc/arm-atollic-eabi/6.3.1/armv7-m/crti.o
                0x08005b30                _init
 .init          0x08005b34        0x8 c:/program files (x86)/atollic/truestudio for stm32 9.3.0/armtools/bin/../lib/gcc/arm-atollic-eabi/6.3.1/armv7-m/crtn.o
 *(.fini)
 .fini          0x08005b3c        0x4 c:/program files (x86)/atollic/truestudio for stm32 9.3.0/armtools/bin/../lib/gcc/arm-atollic-eabi/6.3.1/armv7-m/crti.o
                0x08005b3c                _fini
 .fini          0x08005b40        0x8 c:/program files (x86)/atollic/truestudio for stm32 9.3.0/armtools/bin/../lib/gcc/arm-atollic-eabi/6.3.1/armv7-m/crtn.o
                0x08005b48                . = ALIGN (0x4)
                0x08005b48                _etext = .

.vfp11_veneer   0x08005b48        0x0
 .vfp11_veneer  0x08005b48        0x0 linker stubs

.v4_bx          0x08005b48        0x0
 .v4_bx         0x08005b48        0x0 linker stubs

.iplt           0x08005b48        0x0
 .iplt          0x08005b48        0x0 c:/program files (x86)/atollic/truestudio for stm32 9.3.0/armtools/bin/../lib/gcc/arm-atollic-eabi/6.3.1/armv7-m/crtbegin.o

.rodata         0x08005b48      0x380
                0x08005b48                . = ALIGN (0x4)
 *(.rodata)
 .rodata        0x08005b48       0x10 Drivers\STM32F1xx_HAL_Driver\Src\stm32f1xx_hal_rcc.o
 .rodata        0x08005b58       0x10 Drivers\STM32F1xx_HAL_Driver\Src\stm32f1xx_hal_rcc_ex.o
 *(.rodata*)
 .rodata.Answer_OK.str1.1
                0x08005b68        0x5 Src\main.o
 .rodata.Answer_UnknownParameter.str1.1
                0x08005b6d       0x13 Src\main.o
 .rodata.Info_Sensors.str1.1
                0x08005b80       0x45 Src\main.o
 .rodata.Process_Command.str1.1
                0x08005bc5       0x80 Src\main.o
 .rodata.str1.1
                0x08005c45       0x4c Src\main.o
 .rodata.write_Limits.str1.1
                0x08005c91       0x91 Src\main.o
 .rodata.AHBPrescTable
                0x08005d22       0x10 Src\system_stm32f1xx.o
                0x08005d22                AHBPrescTable
 .rodata.APBPrescTable
                0x08005d32        0x8 Src\system_stm32f1xx.o
                0x08005d32                APBPrescTable
 .rodata._setlocale_r.str1.1
                0x08005d3a        0x8 c:/program files (x86)/atollic/truestudio for stm32 9.3.0/armtools/bin/../lib/gcc/arm-atollic-eabi/6.3.1/../../../../arm-atollic-eabi/lib/armv7-m\libc_nano.a(lib_a-locale.o)
                                  0x9 (size before relaxing)
 .rodata.str1.1
                0x08005d42        0x2 c:/program files (x86)/atollic/truestudio for stm32 9.3.0/armtools/bin/../lib/gcc/arm-atollic-eabi/6.3.1/../../../../arm-atollic-eabi/lib/armv7-m\libc_nano.a(lib_a-locale.o)
 .rodata._svfprintf_r.str1.1
                0x08005d44       0x11 c:/program files (x86)/atollic/truestudio for stm32 9.3.0/armtools/bin/../lib/gcc/arm-atollic-eabi/6.3.1/../../../../arm-atollic-eabi/lib/armv7-m\libc_nano.a(lib_a-nano-svfprintf.o)
 .rodata._printf_i.str1.1
                0x08005d55       0x22 c:/program files (x86)/atollic/truestudio for stm32 9.3.0/armtools/bin/../lib/gcc/arm-atollic-eabi/6.3.1/../../../../arm-atollic-eabi/lib/armv7-m\libc_nano.a(lib_a-nano-vfprintf_i.o)
 .rodata._ctype_
                0x08005d77      0x101 c:/program files (x86)/atollic/truestudio for stm32 9.3.0/armtools/bin/../lib/gcc/arm-atollic-eabi/6.3.1/../../../../arm-atollic-eabi/lib/armv7-m\libc_nano.a(lib_a-ctype_.o)
                0x08005d77                _ctype_
 .rodata.log10.str1.1
                0x08005e78        0x6 c:/program files (x86)/atollic/truestudio for stm32 9.3.0/armtools/bin/../lib/gcc/arm-atollic-eabi/6.3.1/../../../../arm-atollic-eabi/lib/armv7-m\libm.a(lib_a-w_log10.o)
                                  0x7 (size before relaxing)
 .rodata.pow.str1.1
                0x08005e7e        0x4 c:/program files (x86)/atollic/truestudio for stm32 9.3.0/armtools/bin/../lib/gcc/arm-atollic-eabi/6.3.1/../../../../arm-atollic-eabi/lib/armv7-m\libm.a(lib_a-w_pow.o)
 .rodata.__ieee754_pow.str1.1
                0x08005e82        0x1 c:/program files (x86)/atollic/truestudio for stm32 9.3.0/armtools/bin/../lib/gcc/arm-atollic-eabi/6.3.1/../../../../arm-atollic-eabi/lib/armv7-m\libm.a(lib_a-e_pow.o)
 *fill*         0x08005e82        0x6 
 .rodata.bp     0x08005e88       0x10 c:/program files (x86)/atollic/truestudio for stm32 9.3.0/armtools/bin/../lib/gcc/arm-atollic-eabi/6.3.1/../../../../arm-atollic-eabi/lib/armv7-m\libm.a(lib_a-e_pow.o)
 .rodata.dp_h   0x08005e98       0x10 c:/program files (x86)/atollic/truestudio for stm32 9.3.0/armtools/bin/../lib/gcc/arm-atollic-eabi/6.3.1/../../../../arm-atollic-eabi/lib/armv7-m\libm.a(lib_a-e_pow.o)
 .rodata.dp_l   0x08005ea8       0x10 c:/program files (x86)/atollic/truestudio for stm32 9.3.0/armtools/bin/../lib/gcc/arm-atollic-eabi/6.3.1/../../../../arm-atollic-eabi/lib/armv7-m\libm.a(lib_a-e_pow.o)
 .rodata.TWO52  0x08005eb8       0x10 c:/program files (x86)/atollic/truestudio for stm32 9.3.0/armtools/bin/../lib/gcc/arm-atollic-eabi/6.3.1/../../../../arm-atollic-eabi/lib/armv7-m\libm.a(lib_a-s_rint.o)
                0x08005ec8                . = ALIGN (0x4)

.rel.dyn        0x08005ec8        0x0
 .rel.iplt      0x08005ec8        0x0 c:/program files (x86)/atollic/truestudio for stm32 9.3.0/armtools/bin/../lib/gcc/arm-atollic-eabi/6.3.1/armv7-m/crtbegin.o

.ARM.extab
 *(.ARM.extab* .gnu.linkonce.armextab.*)

.ARM            0x08005ec8        0x0
                0x08005ec8                __exidx_start = .
 *(.ARM.exidx*)
                0x08005ec8                __exidx_end = .

.preinit_array  0x08005ec8        0x0
                0x08005ec8                PROVIDE (__preinit_array_start, .)
 *(.preinit_array*)
                0x08005ec8                PROVIDE (__preinit_array_end, .)

.init_array     0x08005ec8        0x4
                0x08005ec8                PROVIDE (__init_array_start, .)
 *(SORT(.init_array.*))
 *(.init_array*)
 .init_array    0x08005ec8        0x4 c:/program files (x86)/atollic/truestudio for stm32 9.3.0/armtools/bin/../lib/gcc/arm-atollic-eabi/6.3.1/armv7-m/crtbegin.o
                0x08005ecc                PROVIDE (__init_array_end, .)

.fini_array     0x08005ecc        0x4
                [!provide]                PROVIDE (__fini_array_start, .)
 *(SORT(.fini_array.*))
 *(.fini_array*)
 .fini_array    0x08005ecc        0x4 c:/program files (x86)/atollic/truestudio for stm32 9.3.0/armtools/bin/../lib/gcc/arm-atollic-eabi/6.3.1/armv7-m/crtbegin.o
                [!provide]                PROVIDE (__fini_array_end, .)
                0x08005ed0                _sidata = LOADADDR (.data)

.data           0x20000000      0x21c load address 0x08005ed0
                0x20000000                . = ALIGN (0x4)
                0x20000000                _sdata = .
 *(.data)
 *(.data*)
 .data.uwTickFreq
                0x20000000        0x1 Drivers\STM32F1xx_HAL_Driver\Src\stm32f1xx_hal.o
                0x20000000                uwTickFreq
 *fill*         0x20000001        0x3 
 .data.uwTickPrio
                0x20000004        0x4 Drivers\STM32F1xx_HAL_Driver\Src\stm32f1xx_hal.o
                0x20000004                uwTickPrio
 .data.CRIT_CO  0x20000008        0x4 Src\main.o
                0x20000008                CRIT_CO
 .data.CriticalParameters
                0x2000000c        0x6 Src\main.o
                0x2000000c                CriticalParameters
 *fill*         0x20000012        0x2 
 .data.GHRH     0x20000014        0x4 Src\main.o
                0x20000014                GHRH
 .data.GHTEMP   0x20000018        0x4 Src\main.o
                0x20000018                GHTEMP
 .data.LIGHT    0x2000001c        0x4 Src\main.o
                0x2000001c                LIGHT
 .data.LowLimit
                0x20000020        0x3 Src\main.o
                0x20000020                LowLimit
 *fill*         0x20000023        0x1 
 .data.PH       0x20000024        0x4 Src\main.o
                0x20000024                PH
 .data.PIPE_DELAY
                0x20000028        0x4 Src\main.o
                0x20000028                PIPE_DELAY
 .data.POOL_DELAY
                0x2000002c        0x4 Src\main.o
                0x2000002c                POOL_DELAY
 .data.PWMPUMP  0x20000030        0x4 Src\main.o
                0x20000030                PWMPUMP
 .data.UpLimit  0x20000034        0x3 Src\main.o
                0x20000034                UpLimit
 *fill*         0x20000037        0x1 
 .data.array_ADC_CH
                0x20000038        0xc Src\main.o
                0x20000038                array_ADC_CH
 .data.SystemCoreClock
                0x20000044        0x4 Src\system_stm32f1xx.o
                0x20000044                SystemCoreClock
 .data._impure_ptr
                0x20000048        0x4 c:/program files (x86)/atollic/truestudio for stm32 9.3.0/armtools/bin/../lib/gcc/arm-atollic-eabi/6.3.1/../../../../arm-atollic-eabi/lib/armv7-m\libc_nano.a(lib_a-impure.o)
                0x20000048                _impure_ptr
 .data.impure_data
                0x2000004c       0x60 c:/program files (x86)/atollic/truestudio for stm32 9.3.0/armtools/bin/../lib/gcc/arm-atollic-eabi/6.3.1/../../../../arm-atollic-eabi/lib/armv7-m\libc_nano.a(lib_a-impure.o)
 .data.__global_locale
                0x200000ac      0x16c c:/program files (x86)/atollic/truestudio for stm32 9.3.0/armtools/bin/../lib/gcc/arm-atollic-eabi/6.3.1/../../../../arm-atollic-eabi/lib/armv7-m\libc_nano.a(lib_a-locale.o)
                0x200000ac                __global_locale
 .data.__fdlib_version
                0x20000218        0x1 c:/program files (x86)/atollic/truestudio for stm32 9.3.0/armtools/bin/../lib/gcc/arm-atollic-eabi/6.3.1/../../../../arm-atollic-eabi/lib/armv7-m\libm.a(lib_a-s_lib_ver.o)
                0x20000218                __fdlib_version
                0x2000021c                . = ALIGN (0x4)
 *fill*         0x20000219        0x3 
                0x2000021c                _edata = .

.igot.plt       0x2000021c        0x0 load address 0x080060ec
 .igot.plt      0x2000021c        0x0 c:/program files (x86)/atollic/truestudio for stm32 9.3.0/armtools/bin/../lib/gcc/arm-atollic-eabi/6.3.1/armv7-m/crtbegin.o
                0x2000021c                . = ALIGN (0x4)

.bss            0x2000021c      0x3d8 load address 0x080060ec
                0x2000021c                _sbss = .
                0x2000021c                __bss_start__ = _sbss
 *(.bss)
 .bss           0x2000021c       0x1c c:/program files (x86)/atollic/truestudio for stm32 9.3.0/armtools/bin/../lib/gcc/arm-atollic-eabi/6.3.1/armv7-m/crtbegin.o
 *(.bss*)
 .bss.Delay_ms  0x20000238        0x4 Src\dwt.o
 .bss.Delay_us  0x2000023c        0x4 Src\dwt.o
 .bss.Delays    0x20000240        0x3 Src\main.o
                0x20000240                Delays
 .bss.Filling_Factor
                0x20000243        0x2 Src\main.o
                0x20000243                Filling_Factor
 *fill*         0x20000245        0x3 
 .bss.Foto_Result
                0x20000248        0x8 Src\main.o
                0x20000248                Foto_Result
 .bss.Pump_TimingFlag
                0x20000250        0x1 Src\main.o
                0x20000250                Pump_TimingFlag
 .bss.Timer_Counter
                0x20000251        0x5 Src\main.o
                0x20000251                Timer_Counter
 *fill*         0x20000256        0x2 
 .bss.Value_Settings
                0x20000258        0x4 Src\main.o
                0x20000258                Value_Settings
 .bss.Write_LimitsFlag
                0x2000025c        0x1 Src\main.o
                0x2000025c                Write_LimitsFlag
 .bss.icmd      0x2000025d        0x1 Src\main.o
                0x2000025d                icmd
 *fill*         0x2000025e        0x2 
 .bss.lastTick  0x20000260        0x4 Src\main.o
                0x20000260                lastTick
 .bss.millisecondsDelay_PWM
                0x20000264        0x1 Src\main.o
                0x20000264                millisecondsDelay_PWM
 *fill*         0x20000265        0x3 
 .bss.rx_count  0x20000268        0x4 Src\main.o
                0x20000268                rx_count
 .bss.status_Flag
                0x2000026c        0x1 Src\main.o
                0x2000026c                status_Flag
 .bss.Delay_PWMFlag
                0x2000026d        0x1 Src\stm32f1xx_it.o
                0x2000026d                Delay_PWMFlag
 .bss.Night_Flag
                0x2000026e        0x1 Src\stm32f1xx_it.o
                0x2000026e                Night_Flag
 .bss.switch_Flag
                0x2000026f        0x2 Src\stm32f1xx_it.o
                0x2000026f                switch_Flag
 *fill*         0x20000271        0x3 
 .bss.heap_end.5887
                0x20000274        0x4 Src\syscalls.o
 .bss.__malloc_free_list
                0x20000278        0x4 c:/program files (x86)/atollic/truestudio for stm32 9.3.0/armtools/bin/../lib/gcc/arm-atollic-eabi/6.3.1/../../../../arm-atollic-eabi/lib/armv7-m\libc_nano.a(lib_a-nano-mallocr.o)
                0x20000278                __malloc_free_list
 .bss.__malloc_sbrk_start
                0x2000027c        0x4 c:/program files (x86)/atollic/truestudio for stm32 9.3.0/armtools/bin/../lib/gcc/arm-atollic-eabi/6.3.1/../../../../arm-atollic-eabi/lib/armv7-m\libc_nano.a(lib_a-nano-mallocr.o)
                0x2000027c                __malloc_sbrk_start
 *(COMMON)
 COMMON         0x20000280        0x4 Drivers\STM32F1xx_HAL_Driver\Src\stm32f1xx_hal.o
                0x20000280                uwTick
 COMMON         0x20000284       0x30 Src\adc.o
                0x20000284                hadc1
 COMMON         0x200002b4      0x238 Src\main.o
                0x200002b4                Resistance_MQ135
                0x200002b8                commandStr
                0x200002d6                valuesOfDS18B20
                0x200002de                Critical_Buffer
                0x200002f2                Lower_Buffer
                0x20000306                rx
                0x20000406                tx
                0x2000046a                valuesOfDHT11
                0x20000474                rx_buf
                0x20000484                sensors_Data
                0x2000048a                bytesOfDHT11
                0x20000490                adc_buf
                0x20000496                bytesOfDS18B20
                0x2000049c                cmd
                0x200004d8                Upper_Buffer
 COMMON         0x200004ec       0x80 Src\tim.o
                0x200004ec                htim1
                0x2000052c                htim2
 COMMON         0x2000056c       0x84 Src\usart.o
                0x2000056c                hdma_usart2_rx
                0x200005b0                huart2
 COMMON         0x200005f0        0x4 c:/program files (x86)/atollic/truestudio for stm32 9.3.0/armtools/bin/../lib/gcc/arm-atollic-eabi/6.3.1/../../../../arm-atollic-eabi/lib/armv7-m\libc_nano.a(lib_a-reent.o)
                0x200005f0                errno
                0x200005f4                . = ALIGN (0x4)
                0x200005f4                _ebss = .
                0x200005f4                __bss_end__ = _ebss

._user_heap_stack
                0x200005f4      0x600 load address 0x080060ec
                0x200005f4                . = ALIGN (0x4)
                0x200005f4                PROVIDE (end, .)
                [!provide]                PROVIDE (_end, .)
                0x200007f4                . = (. + _Min_Heap_Size)
 *fill*         0x200005f4      0x200 
                0x20000bf4                . = (. + _Min_Stack_Size)
 *fill*         0x200007f4      0x400 
                0x20000bf4                . = ALIGN (0x4)

/DISCARD/
 libc.a(*)
 libm.a(*)
 libgcc.a(*)

.ARM.attributes
                0x00000000       0x29
 *(.ARM.attributes)
 .ARM.attributes
                0x00000000       0x1d c:/program files (x86)/atollic/truestudio for stm32 9.3.0/armtools/bin/../lib/gcc/arm-atollic-eabi/6.3.1/armv7-m/crti.o
 .ARM.attributes
                0x0000001d       0x2d c:/program files (x86)/atollic/truestudio for stm32 9.3.0/armtools/bin/../lib/gcc/arm-atollic-eabi/6.3.1/armv7-m/crtbegin.o
 .ARM.attributes
                0x0000004a       0x33 Drivers\STM32F1xx_HAL_Driver\Src\stm32f1xx_hal.o
 .ARM.attributes
                0x0000007d       0x33 Drivers\STM32F1xx_HAL_Driver\Src\stm32f1xx_hal_adc.o
 .ARM.attributes
                0x000000b0       0x33 Drivers\STM32F1xx_HAL_Driver\Src\stm32f1xx_hal_cortex.o
 .ARM.attributes
                0x000000e3       0x33 Drivers\STM32F1xx_HAL_Driver\Src\stm32f1xx_hal_dma.o
 .ARM.attributes
                0x00000116       0x33 Drivers\STM32F1xx_HAL_Driver\Src\stm32f1xx_hal_gpio.o
 .ARM.attributes
                0x00000149       0x33 Drivers\STM32F1xx_HAL_Driver\Src\stm32f1xx_hal_rcc.o
 .ARM.attributes
                0x0000017c       0x33 Drivers\STM32F1xx_HAL_Driver\Src\stm32f1xx_hal_rcc_ex.o
 .ARM.attributes
                0x000001af       0x33 Drivers\STM32F1xx_HAL_Driver\Src\stm32f1xx_hal_tim.o
 .ARM.attributes
                0x000001e2       0x33 Drivers\STM32F1xx_HAL_Driver\Src\stm32f1xx_hal_tim_ex.o
 .ARM.attributes
                0x00000215       0x33 Drivers\STM32F1xx_HAL_Driver\Src\stm32f1xx_hal_uart.o
 .ARM.attributes
                0x00000248       0x33 Drivers\ringbuffer_dma\ringbuffer_dma.o
 .ARM.attributes
                0x0000027b       0x33 Src\adc.o
 .ARM.attributes
                0x000002ae       0x33 Src\dma.o
 .ARM.attributes
                0x000002e1       0x33 Src\dwt.o
 .ARM.attributes
                0x00000314       0x33 Src\gpio.o
 .ARM.attributes
                0x00000347       0x33 Src\main.o
 .ARM.attributes
                0x0000037a       0x33 Src\rcc.o
 .ARM.attributes
                0x000003ad       0x33 Src\stm32f1xx_hal_msp.o
 .ARM.attributes
                0x000003e0       0x33 Src\stm32f1xx_it.o
 .ARM.attributes
                0x00000413       0x33 Src\syscalls.o
 .ARM.attributes
                0x00000446       0x33 Src\system_stm32f1xx.o
 .ARM.attributes
                0x00000479       0x33 Src\tim.o
 .ARM.attributes
                0x000004ac       0x33 Src\usart.o
 .ARM.attributes
                0x000004df       0x21 startup\startup_stm32f103xb.o
 .ARM.attributes
                0x00000500       0x2d c:/program files (x86)/atollic/truestudio for stm32 9.3.0/armtools/bin/../lib/gcc/arm-atollic-eabi/6.3.1/../../../../arm-atollic-eabi/lib/armv7-m\libc_nano.a(lib_a-atoi.o)
 .ARM.attributes
                0x0000052d       0x2d c:/program files (x86)/atollic/truestudio for stm32 9.3.0/armtools/bin/../lib/gcc/arm-atollic-eabi/6.3.1/../../../../arm-atollic-eabi/lib/armv7-m\libc_nano.a(lib_a-errno.o)
 .ARM.attributes
                0x0000055a       0x2d c:/program files (x86)/atollic/truestudio for stm32 9.3.0/armtools/bin/../lib/gcc/arm-atollic-eabi/6.3.1/../../../../arm-atollic-eabi/lib/armv7-m\libc_nano.a(lib_a-impure.o)
 .ARM.attributes
                0x00000587       0x2d c:/program files (x86)/atollic/truestudio for stm32 9.3.0/armtools/bin/../lib/gcc/arm-atollic-eabi/6.3.1/../../../../arm-atollic-eabi/lib/armv7-m\libc_nano.a(lib_a-init.o)
 .ARM.attributes
                0x000005b4       0x2d c:/program files (x86)/atollic/truestudio for stm32 9.3.0/armtools/bin/../lib/gcc/arm-atollic-eabi/6.3.1/../../../../arm-atollic-eabi/lib/armv7-m\libc_nano.a(lib_a-memset.o)
 .ARM.attributes
                0x000005e1       0x2d c:/program files (x86)/atollic/truestudio for stm32 9.3.0/armtools/bin/../lib/gcc/arm-atollic-eabi/6.3.1/../../../../arm-atollic-eabi/lib/armv7-m\libc_nano.a(lib_a-sprintf.o)
 .ARM.attributes
                0x0000060e       0x1b c:/program files (x86)/atollic/truestudio for stm32 9.3.0/armtools/bin/../lib/gcc/arm-atollic-eabi/6.3.1/../../../../arm-atollic-eabi/lib/armv7-m\libc_nano.a(lib_a-strcmp.o)
 .ARM.attributes
                0x00000629       0x2d c:/program files (x86)/atollic/truestudio for stm32 9.3.0/armtools/bin/../lib/gcc/arm-atollic-eabi/6.3.1/../../../../arm-atollic-eabi/lib/armv7-m\libc_nano.a(lib_a-strcpy.o)
 .ARM.attributes
                0x00000656       0x17 c:/program files (x86)/atollic/truestudio for stm32 9.3.0/armtools/bin/../lib/gcc/arm-atollic-eabi/6.3.1/../../../../arm-atollic-eabi/lib/armv7-m\libc_nano.a(lib_a-strlen.o)
 .ARM.attributes
                0x0000066d       0x2d c:/program files (x86)/atollic/truestudio for stm32 9.3.0/armtools/bin/../lib/gcc/arm-atollic-eabi/6.3.1/../../../../arm-atollic-eabi/lib/armv7-m\libc_nano.a(lib_a-strncmp.o)
 .ARM.attributes
                0x0000069a       0x2d c:/program files (x86)/atollic/truestudio for stm32 9.3.0/armtools/bin/../lib/gcc/arm-atollic-eabi/6.3.1/../../../../arm-atollic-eabi/lib/armv7-m\libc_nano.a(lib_a-strncpy.o)
 .ARM.attributes
                0x000006c7       0x2d c:/program files (x86)/atollic/truestudio for stm32 9.3.0/armtools/bin/../lib/gcc/arm-atollic-eabi/6.3.1/../../../../arm-atollic-eabi/lib/armv7-m\libc_nano.a(lib_a-strtol.o)
 .ARM.attributes
                0x000006f4       0x2d c:/program files (x86)/atollic/truestudio for stm32 9.3.0/armtools/bin/../lib/gcc/arm-atollic-eabi/6.3.1/../../../../arm-atollic-eabi/lib/armv7-m\libc_nano.a(lib_a-locale.o)
 .ARM.attributes
                0x00000721       0x2d c:/program files (x86)/atollic/truestudio for stm32 9.3.0/armtools/bin/../lib/gcc/arm-atollic-eabi/6.3.1/../../../../arm-atollic-eabi/lib/armv7-m\libc_nano.a(lib_a-mbtowc_r.o)
 .ARM.attributes
                0x0000074e       0x2d c:/program files (x86)/atollic/truestudio for stm32 9.3.0/armtools/bin/../lib/gcc/arm-atollic-eabi/6.3.1/../../../../arm-atollic-eabi/lib/armv7-m\libc_nano.a(lib_a-nano-svfprintf.o)
 .ARM.attributes
                0x0000077b       0x2d c:/program files (x86)/atollic/truestudio for stm32 9.3.0/armtools/bin/../lib/gcc/arm-atollic-eabi/6.3.1/../../../../arm-atollic-eabi/lib/armv7-m\libc_nano.a(lib_a-nano-vfprintf_i.o)
 .ARM.attributes
                0x000007a8       0x2d c:/program files (x86)/atollic/truestudio for stm32 9.3.0/armtools/bin/../lib/gcc/arm-atollic-eabi/6.3.1/../../../../arm-atollic-eabi/lib/armv7-m\libc_nano.a(lib_a-wctomb_r.o)
 .ARM.attributes
                0x000007d5       0x2d c:/program files (x86)/atollic/truestudio for stm32 9.3.0/armtools/bin/../lib/gcc/arm-atollic-eabi/6.3.1/../../../../arm-atollic-eabi/lib/armv7-m\libc_nano.a(lib_a-ctype_.o)
 .ARM.attributes
                0x00000802       0x2d c:/program files (x86)/atollic/truestudio for stm32 9.3.0/armtools/bin/../lib/gcc/arm-atollic-eabi/6.3.1/../../../../arm-atollic-eabi/lib/armv7-m\libc_nano.a(lib_a-memchr-stub.o)
 .ARM.attributes
                0x0000082f       0x2d c:/program files (x86)/atollic/truestudio for stm32 9.3.0/armtools/bin/../lib/gcc/arm-atollic-eabi/6.3.1/../../../../arm-atollic-eabi/lib/armv7-m\libc_nano.a(lib_a-memcpy-stub.o)
 .ARM.attributes
                0x0000085c       0x2d c:/program files (x86)/atollic/truestudio for stm32 9.3.0/armtools/bin/../lib/gcc/arm-atollic-eabi/6.3.1/../../../../arm-atollic-eabi/lib/armv7-m\libc_nano.a(lib_a-memmove.o)
 .ARM.attributes
                0x00000889       0x2d c:/program files (x86)/atollic/truestudio for stm32 9.3.0/armtools/bin/../lib/gcc/arm-atollic-eabi/6.3.1/../../../../arm-atollic-eabi/lib/armv7-m\libc_nano.a(lib_a-nano-freer.o)
 .ARM.attributes
                0x000008b6       0x2d c:/program files (x86)/atollic/truestudio for stm32 9.3.0/armtools/bin/../lib/gcc/arm-atollic-eabi/6.3.1/../../../../arm-atollic-eabi/lib/armv7-m\libc_nano.a(lib_a-nano-mallocr.o)
 .ARM.attributes
                0x000008e3       0x2d c:/program files (x86)/atollic/truestudio for stm32 9.3.0/armtools/bin/../lib/gcc/arm-atollic-eabi/6.3.1/../../../../arm-atollic-eabi/lib/armv7-m\libc_nano.a(lib_a-nano-reallocr.o)
 .ARM.attributes
                0x00000910       0x2d c:/program files (x86)/atollic/truestudio for stm32 9.3.0/armtools/bin/../lib/gcc/arm-atollic-eabi/6.3.1/../../../../arm-atollic-eabi/lib/armv7-m\libc_nano.a(lib_a-sbrkr.o)
 .ARM.attributes
                0x0000093d       0x2d c:/program files (x86)/atollic/truestudio for stm32 9.3.0/armtools/bin/../lib/gcc/arm-atollic-eabi/6.3.1/../../../../arm-atollic-eabi/lib/armv7-m\libc_nano.a(lib_a-mlock.o)
 .ARM.attributes
                0x0000096a       0x2d c:/program files (x86)/atollic/truestudio for stm32 9.3.0/armtools/bin/../lib/gcc/arm-atollic-eabi/6.3.1/../../../../arm-atollic-eabi/lib/armv7-m\libc_nano.a(lib_a-nano-msizer.o)
 .ARM.attributes
                0x00000997       0x2d c:/program files (x86)/atollic/truestudio for stm32 9.3.0/armtools/bin/../lib/gcc/arm-atollic-eabi/6.3.1/../../../../arm-atollic-eabi/lib/armv7-m\libc_nano.a(lib_a-reent.o)
 .ARM.attributes
                0x000009c4       0x2d c:/program files (x86)/atollic/truestudio for stm32 9.3.0/armtools/bin/../lib/gcc/arm-atollic-eabi/6.3.1/../../../../arm-atollic-eabi/lib/armv7-m\libm.a(lib_a-w_log10.o)
 .ARM.attributes
                0x000009f1       0x2d c:/program files (x86)/atollic/truestudio for stm32 9.3.0/armtools/bin/../lib/gcc/arm-atollic-eabi/6.3.1/../../../../arm-atollic-eabi/lib/armv7-m\libm.a(lib_a-w_pow.o)
 .ARM.attributes
                0x00000a1e       0x2d c:/program files (x86)/atollic/truestudio for stm32 9.3.0/armtools/bin/../lib/gcc/arm-atollic-eabi/6.3.1/../../../../arm-atollic-eabi/lib/armv7-m\libm.a(lib_a-e_log10.o)
 .ARM.attributes
                0x00000a4b       0x2d c:/program files (x86)/atollic/truestudio for stm32 9.3.0/armtools/bin/../lib/gcc/arm-atollic-eabi/6.3.1/../../../../arm-atollic-eabi/lib/armv7-m\libm.a(lib_a-e_pow.o)
 .ARM.attributes
                0x00000a78       0x2d c:/program files (x86)/atollic/truestudio for stm32 9.3.0/armtools/bin/../lib/gcc/arm-atollic-eabi/6.3.1/../../../../arm-atollic-eabi/lib/armv7-m\libm.a(lib_a-e_sqrt.o)
 .ARM.attributes
                0x00000aa5       0x2d c:/program files (x86)/atollic/truestudio for stm32 9.3.0/armtools/bin/../lib/gcc/arm-atollic-eabi/6.3.1/../../../../arm-atollic-eabi/lib/armv7-m\libm.a(lib_a-s_fabs.o)
 .ARM.attributes
                0x00000ad2       0x2d c:/program files (x86)/atollic/truestudio for stm32 9.3.0/armtools/bin/../lib/gcc/arm-atollic-eabi/6.3.1/../../../../arm-atollic-eabi/lib/armv7-m\libm.a(lib_a-s_finite.o)
 .ARM.attributes
                0x00000aff       0x2d c:/program files (x86)/atollic/truestudio for stm32 9.3.0/armtools/bin/../lib/gcc/arm-atollic-eabi/6.3.1/../../../../arm-atollic-eabi/lib/armv7-m\libm.a(lib_a-s_lib_ver.o)
 .ARM.attributes
                0x00000b2c       0x2d c:/program files (x86)/atollic/truestudio for stm32 9.3.0/armtools/bin/../lib/gcc/arm-atollic-eabi/6.3.1/../../../../arm-atollic-eabi/lib/armv7-m\libm.a(lib_a-s_matherr.o)
 .ARM.attributes
                0x00000b59       0x2d c:/program files (x86)/atollic/truestudio for stm32 9.3.0/armtools/bin/../lib/gcc/arm-atollic-eabi/6.3.1/../../../../arm-atollic-eabi/lib/armv7-m\libm.a(lib_a-s_nan.o)
 .ARM.attributes
                0x00000b86       0x2d c:/program files (x86)/atollic/truestudio for stm32 9.3.0/armtools/bin/../lib/gcc/arm-atollic-eabi/6.3.1/../../../../arm-atollic-eabi/lib/armv7-m\libm.a(lib_a-s_rint.o)
 .ARM.attributes
                0x00000bb3       0x2d c:/program files (x86)/atollic/truestudio for stm32 9.3.0/armtools/bin/../lib/gcc/arm-atollic-eabi/6.3.1/../../../../arm-atollic-eabi/lib/armv7-m\libm.a(lib_a-s_scalbn.o)
 .ARM.attributes
                0x00000be0       0x2d c:/program files (x86)/atollic/truestudio for stm32 9.3.0/armtools/bin/../lib/gcc/arm-atollic-eabi/6.3.1/../../../../arm-atollic-eabi/lib/armv7-m\libm.a(lib_a-e_log.o)
 .ARM.attributes
                0x00000c0d       0x2d c:/program files (x86)/atollic/truestudio for stm32 9.3.0/armtools/bin/../lib/gcc/arm-atollic-eabi/6.3.1/../../../../arm-atollic-eabi/lib/armv7-m\libm.a(lib_a-s_copysign.o)
 .ARM.attributes
                0x00000c3a       0x1d c:/program files (x86)/atollic/truestudio for stm32 9.3.0/armtools/bin/../lib/gcc/arm-atollic-eabi/6.3.1/armv7-m\libgcc.a(_arm_addsubdf3.o)
 .ARM.attributes
                0x00000c57       0x1d c:/program files (x86)/atollic/truestudio for stm32 9.3.0/armtools/bin/../lib/gcc/arm-atollic-eabi/6.3.1/armv7-m\libgcc.a(_arm_muldivdf3.o)
 .ARM.attributes
                0x00000c74       0x1d c:/program files (x86)/atollic/truestudio for stm32 9.3.0/armtools/bin/../lib/gcc/arm-atollic-eabi/6.3.1/armv7-m\libgcc.a(_arm_cmpdf2.o)
 .ARM.attributes
                0x00000c91       0x1d c:/program files (x86)/atollic/truestudio for stm32 9.3.0/armtools/bin/../lib/gcc/arm-atollic-eabi/6.3.1/armv7-m\libgcc.a(_arm_unorddf2.o)
 .ARM.attributes
                0x00000cae       0x1d c:/program files (x86)/atollic/truestudio for stm32 9.3.0/armtools/bin/../lib/gcc/arm-atollic-eabi/6.3.1/armv7-m\libgcc.a(_arm_fixunsdfsi.o)
 .ARM.attributes
                0x00000ccb       0x1d c:/program files (x86)/atollic/truestudio for stm32 9.3.0/armtools/bin/../lib/gcc/arm-atollic-eabi/6.3.1/armv7-m\libgcc.a(_arm_addsubsf3.o)
 .ARM.attributes
                0x00000ce8       0x1d c:/program files (x86)/atollic/truestudio for stm32 9.3.0/armtools/bin/../lib/gcc/arm-atollic-eabi/6.3.1/armv7-m\libgcc.a(_arm_muldivsf3.o)
 .ARM.attributes
                0x00000d05       0x1d c:/program files (x86)/atollic/truestudio for stm32 9.3.0/armtools/bin/../lib/gcc/arm-atollic-eabi/6.3.1/armv7-m/crtn.o
OUTPUT(Diplom.elf elf32-littlearm)

.debug_info     0x00000000    0x17366
 .debug_info    0x00000000      0x7cd Drivers\STM32F1xx_HAL_Driver\Src\stm32f1xx_hal.o
 .debug_info    0x000007cd      0xea0 Drivers\STM32F1xx_HAL_Driver\Src\stm32f1xx_hal_adc.o
 .debug_info    0x0000166d      0xca7 Drivers\STM32F1xx_HAL_Driver\Src\stm32f1xx_hal_cortex.o
 .debug_info    0x00002314      0x837 Drivers\STM32F1xx_HAL_Driver\Src\stm32f1xx_hal_dma.o
 .debug_info    0x00002b4b      0x691 Drivers\STM32F1xx_HAL_Driver\Src\stm32f1xx_hal_gpio.o
 .debug_info    0x000031dc      0xa01 Drivers\STM32F1xx_HAL_Driver\Src\stm32f1xx_hal_rcc.o
 .debug_info    0x00003bdd      0x48b Drivers\STM32F1xx_HAL_Driver\Src\stm32f1xx_hal_rcc_ex.o
 .debug_info    0x00004068     0x34cc Drivers\STM32F1xx_HAL_Driver\Src\stm32f1xx_hal_tim.o
 .debug_info    0x00007534     0x12fc Drivers\STM32F1xx_HAL_Driver\Src\stm32f1xx_hal_tim_ex.o
 .debug_info    0x00008830     0x1632 Drivers\STM32F1xx_HAL_Driver\Src\stm32f1xx_hal_uart.o
 .debug_info    0x00009e62      0x4b0 Drivers\ringbuffer_dma\ringbuffer_dma.o
 .debug_info    0x0000a312     0x11e9 Src\adc.o
 .debug_info    0x0000b4fb      0xc17 Src\dma.o
 .debug_info    0x0000c112      0xdae Src\dwt.o
 .debug_info    0x0000cec0      0xf4d Src\gpio.o
 .debug_info    0x0000de0d     0x2939 Src\main.o
 .debug_info    0x00010746      0xc67 Src\rcc.o
 .debug_info    0x000113ad      0xb21 Src\stm32f1xx_hal_msp.o
 .debug_info    0x00011ece     0x16fd Src\stm32f1xx_it.o
 .debug_info    0x000135cb      0xfe1 Src\syscalls.o
 .debug_info    0x000145ac      0x437 Src\system_stm32f1xx.o
 .debug_info    0x000149e3     0x16c5 Src\tim.o
 .debug_info    0x000160a8     0x1259 Src\usart.o
 .debug_info    0x00017301       0x65 startup\startup_stm32f103xb.o

.debug_abbrev   0x00000000     0x3796
 .debug_abbrev  0x00000000      0x24a Drivers\STM32F1xx_HAL_Driver\Src\stm32f1xx_hal.o
 .debug_abbrev  0x0000024a      0x299 Drivers\STM32F1xx_HAL_Driver\Src\stm32f1xx_hal_adc.o
 .debug_abbrev  0x000004e3      0x2f8 Drivers\STM32F1xx_HAL_Driver\Src\stm32f1xx_hal_cortex.o
 .debug_abbrev  0x000007db      0x22d Drivers\STM32F1xx_HAL_Driver\Src\stm32f1xx_hal_dma.o
 .debug_abbrev  0x00000a08      0x1e4 Drivers\STM32F1xx_HAL_Driver\Src\stm32f1xx_hal_gpio.o
 .debug_abbrev  0x00000bec      0x2c1 Drivers\STM32F1xx_HAL_Driver\Src\stm32f1xx_hal_rcc.o
 .debug_abbrev  0x00000ead      0x1c4 Drivers\STM32F1xx_HAL_Driver\Src\stm32f1xx_hal_rcc_ex.o
 .debug_abbrev  0x00001071      0x335 Drivers\STM32F1xx_HAL_Driver\Src\stm32f1xx_hal_tim.o
 .debug_abbrev  0x000013a6      0x29c Drivers\STM32F1xx_HAL_Driver\Src\stm32f1xx_hal_tim_ex.o
 .debug_abbrev  0x00001642      0x2f3 Drivers\STM32F1xx_HAL_Driver\Src\stm32f1xx_hal_uart.o
 .debug_abbrev  0x00001935      0x1b8 Drivers\ringbuffer_dma\ringbuffer_dma.o
 .debug_abbrev  0x00001aed      0x280 Src\adc.o
 .debug_abbrev  0x00001d6d      0x206 Src\dma.o
 .debug_abbrev  0x00001f73      0x251 Src\dwt.o
 .debug_abbrev  0x000021c4      0x233 Src\gpio.o
 .debug_abbrev  0x000023f7      0x375 Src\main.o
 .debug_abbrev  0x0000276c      0x21b Src\rcc.o
 .debug_abbrev  0x00002987      0x1d6 Src\stm32f1xx_hal_msp.o
 .debug_abbrev  0x00002b5d      0x30a Src\stm32f1xx_it.o
 .debug_abbrev  0x00002e67      0x2d9 Src\syscalls.o
 .debug_abbrev  0x00003140      0x12f Src\system_stm32f1xx.o
 .debug_abbrev  0x0000326f      0x268 Src\tim.o
 .debug_abbrev  0x000034d7      0x2ad Src\usart.o
 .debug_abbrev  0x00003784       0x12 startup\startup_stm32f103xb.o

.debug_loc      0x00000000     0x75a4
 .debug_loc     0x00000000      0x10c Drivers\STM32F1xx_HAL_Driver\Src\stm32f1xx_hal.o
 .debug_loc     0x0000010c      0x873 Drivers\STM32F1xx_HAL_Driver\Src\stm32f1xx_hal_adc.o
 .debug_loc     0x0000097f      0x487 Drivers\STM32F1xx_HAL_Driver\Src\stm32f1xx_hal_cortex.o
 .debug_loc     0x00000e06      0x5ed Drivers\STM32F1xx_HAL_Driver\Src\stm32f1xx_hal_dma.o
 .debug_loc     0x000013f3      0x2f5 Drivers\STM32F1xx_HAL_Driver\Src\stm32f1xx_hal_gpio.o
 .debug_loc     0x000016e8      0x478 Drivers\STM32F1xx_HAL_Driver\Src\stm32f1xx_hal_rcc.o
 .debug_loc     0x00001b60      0x29d Drivers\STM32F1xx_HAL_Driver\Src\stm32f1xx_hal_rcc_ex.o
 .debug_loc     0x00001dfd     0x2f5a Drivers\STM32F1xx_HAL_Driver\Src\stm32f1xx_hal_tim.o
 .debug_loc     0x00004d57      0xa7c Drivers\STM32F1xx_HAL_Driver\Src\stm32f1xx_hal_tim_ex.o
 .debug_loc     0x000057d3     0x1362 Drivers\STM32F1xx_HAL_Driver\Src\stm32f1xx_hal_uart.o
 .debug_loc     0x00006b35       0xca Drivers\ringbuffer_dma\ringbuffer_dma.o
 .debug_loc     0x00006bff       0x85 Src\adc.o
 .debug_loc     0x00006c84      0x183 Src\dwt.o
 .debug_loc     0x00006e07       0x7e Src\gpio.o
 .debug_loc     0x00006e85       0x9e Src\main.o
 .debug_loc     0x00006f23       0x91 Src\stm32f1xx_it.o
 .debug_loc     0x00006fb4      0x3ef Src\syscalls.o
 .debug_loc     0x000073a3       0xcd Src\system_stm32f1xx.o
 .debug_loc     0x00007470       0xab Src\tim.o
 .debug_loc     0x0000751b       0x89 Src\usart.o

.debug_aranges  0x00000000      0xc90
 .debug_aranges
                0x00000000       0xd8 Drivers\STM32F1xx_HAL_Driver\Src\stm32f1xx_hal.o
 .debug_aranges
                0x000000d8       0xc8 Drivers\STM32F1xx_HAL_Driver\Src\stm32f1xx_hal_adc.o
 .debug_aranges
                0x000001a0       0x90 Drivers\STM32F1xx_HAL_Driver\Src\stm32f1xx_hal_cortex.o
 .debug_aranges
                0x00000230       0x78 Drivers\STM32F1xx_HAL_Driver\Src\stm32f1xx_hal_dma.o
 .debug_aranges
                0x000002a8       0x58 Drivers\STM32F1xx_HAL_Driver\Src\stm32f1xx_hal_gpio.o
 .debug_aranges
                0x00000300       0x88 Drivers\STM32F1xx_HAL_Driver\Src\stm32f1xx_hal_rcc.o
 .debug_aranges
                0x00000388       0x30 Drivers\STM32F1xx_HAL_Driver\Src\stm32f1xx_hal_rcc_ex.o
 .debug_aranges
                0x000003b8      0x278 Drivers\STM32F1xx_HAL_Driver\Src\stm32f1xx_hal_tim.o
 .debug_aranges
                0x00000630       0xf8 Drivers\STM32F1xx_HAL_Driver\Src\stm32f1xx_hal_tim_ex.o
 .debug_aranges
                0x00000728      0x170 Drivers\STM32F1xx_HAL_Driver\Src\stm32f1xx_hal_uart.o
 .debug_aranges
                0x00000898       0x30 Drivers\ringbuffer_dma\ringbuffer_dma.o
 .debug_aranges
                0x000008c8       0x38 Src\adc.o
 .debug_aranges
                0x00000900       0x20 Src\dma.o
 .debug_aranges
                0x00000920       0x78 Src\dwt.o
 .debug_aranges
                0x00000998       0x30 Src\gpio.o
 .debug_aranges
                0x000009c8       0x88 Src\main.o
 .debug_aranges
                0x00000a50       0x20 Src\rcc.o
 .debug_aranges
                0x00000a70       0x20 Src\stm32f1xx_hal_msp.o
 .debug_aranges
                0x00000a90       0x70 Src\stm32f1xx_it.o
 .debug_aranges
                0x00000b00       0xb0 Src\syscalls.o
 .debug_aranges
                0x00000bb0       0x28 Src\system_stm32f1xx.o
 .debug_aranges
                0x00000bd8       0x40 Src\tim.o
 .debug_aranges
                0x00000c18       0x50 Src\usart.o
 .debug_aranges
                0x00000c68       0x28 startup\startup_stm32f103xb.o

.debug_ranges   0x00000000      0xf78
 .debug_ranges  0x00000000       0xc8 Drivers\STM32F1xx_HAL_Driver\Src\stm32f1xx_hal.o
 .debug_ranges  0x000000c8       0xb8 Drivers\STM32F1xx_HAL_Driver\Src\stm32f1xx_hal_adc.o
 .debug_ranges  0x00000180      0x128 Drivers\STM32F1xx_HAL_Driver\Src\stm32f1xx_hal_cortex.o
 .debug_ranges  0x000002a8       0xa8 Drivers\STM32F1xx_HAL_Driver\Src\stm32f1xx_hal_dma.o
 .debug_ranges  0x00000350       0x60 Drivers\STM32F1xx_HAL_Driver\Src\stm32f1xx_hal_gpio.o
 .debug_ranges  0x000003b0       0xa0 Drivers\STM32F1xx_HAL_Driver\Src\stm32f1xx_hal_rcc.o
 .debug_ranges  0x00000450       0x40 Drivers\STM32F1xx_HAL_Driver\Src\stm32f1xx_hal_rcc_ex.o
 .debug_ranges  0x00000490      0x348 Drivers\STM32F1xx_HAL_Driver\Src\stm32f1xx_hal_tim.o
 .debug_ranges  0x000007d8       0xe8 Drivers\STM32F1xx_HAL_Driver\Src\stm32f1xx_hal_tim_ex.o
 .debug_ranges  0x000008c0      0x190 Drivers\STM32F1xx_HAL_Driver\Src\stm32f1xx_hal_uart.o
 .debug_ranges  0x00000a50       0x20 Drivers\ringbuffer_dma\ringbuffer_dma.o
 .debug_ranges  0x00000a70       0x48 Src\adc.o
 .debug_ranges  0x00000ab8       0x40 Src\dma.o
 .debug_ranges  0x00000af8       0x68 Src\dwt.o
 .debug_ranges  0x00000b60       0xa8 Src\gpio.o
 .debug_ranges  0x00000c08       0xb0 Src\main.o
 .debug_ranges  0x00000cb8       0x10 Src\rcc.o
 .debug_ranges  0x00000cc8       0x58 Src\stm32f1xx_hal_msp.o
 .debug_ranges  0x00000d20       0x60 Src\stm32f1xx_it.o
 .debug_ranges  0x00000d80       0xa0 Src\syscalls.o
 .debug_ranges  0x00000e20       0x18 Src\system_stm32f1xx.o
 .debug_ranges  0x00000e38       0xa0 Src\tim.o
 .debug_ranges  0x00000ed8       0x80 Src\usart.o
 .debug_ranges  0x00000f58       0x20 startup\startup_stm32f103xb.o

.debug_line     0x00000000     0x7728
 .debug_line    0x00000000      0x3eb Drivers\STM32F1xx_HAL_Driver\Src\stm32f1xx_hal.o
 .debug_line    0x000003eb      0x7db Drivers\STM32F1xx_HAL_Driver\Src\stm32f1xx_hal_adc.o
 .debug_line    0x00000bc6      0x3e6 Drivers\STM32F1xx_HAL_Driver\Src\stm32f1xx_hal_cortex.o
 .debug_line    0x00000fac      0x5fb Drivers\STM32F1xx_HAL_Driver\Src\stm32f1xx_hal_dma.o
 .debug_line    0x000015a7      0x3ab Drivers\STM32F1xx_HAL_Driver\Src\stm32f1xx_hal_gpio.o
 .debug_line    0x00001952      0x582 Drivers\STM32F1xx_HAL_Driver\Src\stm32f1xx_hal_rcc.o
 .debug_line    0x00001ed4      0x336 Drivers\STM32F1xx_HAL_Driver\Src\stm32f1xx_hal_rcc_ex.o
 .debug_line    0x0000220a     0x1179 Drivers\STM32F1xx_HAL_Driver\Src\stm32f1xx_hal_tim.o
 .debug_line    0x00003383      0x6d5 Drivers\STM32F1xx_HAL_Driver\Src\stm32f1xx_hal_tim_ex.o
 .debug_line    0x00003a58      0xbda Drivers\STM32F1xx_HAL_Driver\Src\stm32f1xx_hal_uart.o
 .debug_line    0x00004632      0x269 Drivers\ringbuffer_dma\ringbuffer_dma.o
 .debug_line    0x0000489b      0x3d3 Src\adc.o
 .debug_line    0x00004c6e      0x302 Src\dma.o
 .debug_line    0x00004f70      0x3a5 Src\dwt.o
 .debug_line    0x00005315      0x390 Src\gpio.o
 .debug_line    0x000056a5      0x6c6 Src\main.o
 .debug_line    0x00005d6b      0x346 Src\rcc.o
 .debug_line    0x000060b1      0x2f5 Src\stm32f1xx_hal_msp.o
 .debug_line    0x000063a6      0x4a5 Src\stm32f1xx_it.o
 .debug_line    0x0000684b      0x3c0 Src\syscalls.o
 .debug_line    0x00006c0b      0x228 Src\system_stm32f1xx.o
 .debug_line    0x00006e33      0x454 Src\tim.o
 .debug_line    0x00007287      0x424 Src\usart.o
 .debug_line    0x000076ab       0x7d startup\startup_stm32f103xb.o

.debug_str      0x00000000     0x4932
 .debug_str     0x00000000      0x7ed Drivers\STM32F1xx_HAL_Driver\Src\stm32f1xx_hal.o
                                0x856 (size before relaxing)
 .debug_str     0x000007ed      0x67a Drivers\STM32F1xx_HAL_Driver\Src\stm32f1xx_hal_adc.o
                                0x97a (size before relaxing)
 .debug_str     0x00000e67      0x3c5 Drivers\STM32F1xx_HAL_Driver\Src\stm32f1xx_hal_cortex.o
                                0x978 (size before relaxing)
 .debug_str     0x0000122c      0x220 Drivers\STM32F1xx_HAL_Driver\Src\stm32f1xx_hal_dma.o
                                0x6c6 (size before relaxing)
 .debug_str     0x0000144c      0x1ca Drivers\STM32F1xx_HAL_Driver\Src\stm32f1xx_hal_gpio.o
                                0x4c9 (size before relaxing)
 .debug_str     0x00001616      0x322 Drivers\STM32F1xx_HAL_Driver\Src\stm32f1xx_hal_rcc.o
                                0x6b2 (size before relaxing)
 .debug_str     0x00001938      0x110 Drivers\STM32F1xx_HAL_Driver\Src\stm32f1xx_hal_rcc_ex.o
                                0x48a (size before relaxing)
 .debug_str     0x00001a48      0xfe8 Drivers\STM32F1xx_HAL_Driver\Src\stm32f1xx_hal_tim.o
                               0x14fa (size before relaxing)
 .debug_str     0x00002a30      0x548 Drivers\STM32F1xx_HAL_Driver\Src\stm32f1xx_hal_tim_ex.o
                                0xd12 (size before relaxing)
 .debug_str     0x00002f78      0x6d8 Drivers\STM32F1xx_HAL_Driver\Src\stm32f1xx_hal_uart.o
                                0xc42 (size before relaxing)
 .debug_str     0x00003650       0x83 Drivers\ringbuffer_dma\ringbuffer_dma.o
                                0x4c2 (size before relaxing)
 .debug_str     0x000036d3      0x47c Src\adc.o
                                0xbd1 (size before relaxing)
 .debug_str     0x00003b4f       0x19 Src\dma.o
                                0xa37 (size before relaxing)
 .debug_str     0x00003b68      0x168 Src\dwt.o
                                0x887 (size before relaxing)
 .debug_str     0x00003cd0       0x38 Src\gpio.o
                                0xb04 (size before relaxing)
 .debug_str     0x00003d08      0x6e1 Src\main.o
                               0x15d6 (size before relaxing)
 .debug_str     0x000043e9        0xd Src\rcc.o
                                0x8f8 (size before relaxing)
 .debug_str     0x000043f6       0x1b Src\stm32f1xx_hal_msp.o
                                0x776 (size before relaxing)
 .debug_str     0x00004411      0x15e Src\stm32f1xx_it.o
                               0x1134 (size before relaxing)
 .debug_str     0x0000456f      0x24c Src\syscalls.o
                                0x844 (size before relaxing)
 .debug_str     0x000047bb       0x4d Src\system_stm32f1xx.o
                                0x338 (size before relaxing)
 .debug_str     0x00004808       0x44 Src\tim.o
                               0x1156 (size before relaxing)
 .debug_str     0x0000484c       0xe6 Src\usart.o
                                0xcbe (size before relaxing)

.comment        0x00000000       0x7c
 .comment       0x00000000       0x7c Drivers\STM32F1xx_HAL_Driver\Src\stm32f1xx_hal.o
                                 0x7d (size before relaxing)
 .comment       0x0000007c       0x7d Drivers\STM32F1xx_HAL_Driver\Src\stm32f1xx_hal_adc.o
 .comment       0x0000007c       0x7d Drivers\STM32F1xx_HAL_Driver\Src\stm32f1xx_hal_cortex.o
 .comment       0x0000007c       0x7d Drivers\STM32F1xx_HAL_Driver\Src\stm32f1xx_hal_dma.o
 .comment       0x0000007c       0x7d Drivers\STM32F1xx_HAL_Driver\Src\stm32f1xx_hal_gpio.o
 .comment       0x0000007c       0x7d Drivers\STM32F1xx_HAL_Driver\Src\stm32f1xx_hal_rcc.o
 .comment       0x0000007c       0x7d Drivers\STM32F1xx_HAL_Driver\Src\stm32f1xx_hal_rcc_ex.o
 .comment       0x0000007c       0x7d Drivers\STM32F1xx_HAL_Driver\Src\stm32f1xx_hal_tim.o
 .comment       0x0000007c       0x7d Drivers\STM32F1xx_HAL_Driver\Src\stm32f1xx_hal_tim_ex.o
 .comment       0x0000007c       0x7d Drivers\STM32F1xx_HAL_Driver\Src\stm32f1xx_hal_uart.o
 .comment       0x0000007c       0x7d Drivers\ringbuffer_dma\ringbuffer_dma.o
 .comment       0x0000007c       0x7d Src\adc.o
 .comment       0x0000007c       0x7d Src\dma.o
 .comment       0x0000007c       0x7d Src\dwt.o
 .comment       0x0000007c       0x7d Src\gpio.o
 .comment       0x0000007c       0x7d Src\main.o
 .comment       0x0000007c       0x7d Src\rcc.o
 .comment       0x0000007c       0x7d Src\stm32f1xx_hal_msp.o
 .comment       0x0000007c       0x7d Src\stm32f1xx_it.o
 .comment       0x0000007c       0x7d Src\syscalls.o
 .comment       0x0000007c       0x7d Src\system_stm32f1xx.o
 .comment       0x0000007c       0x7d Src\tim.o
 .comment       0x0000007c       0x7d Src\usart.o

.debug_frame    0x00000000     0x2dec
 .debug_frame   0x00000000      0x1d4 Drivers\STM32F1xx_HAL_Driver\Src\stm32f1xx_hal.o
 .debug_frame   0x000001d4      0x298 Drivers\STM32F1xx_HAL_Driver\Src\stm32f1xx_hal_adc.o
 .debug_frame   0x0000046c      0x120 Drivers\STM32F1xx_HAL_Driver\Src\stm32f1xx_hal_cortex.o
 .debug_frame   0x0000058c      0x144 Drivers\STM32F1xx_HAL_Driver\Src\stm32f1xx_hal_dma.o
 .debug_frame   0x000006d0       0xd4 Drivers\STM32F1xx_HAL_Driver\Src\stm32f1xx_hal_gpio.o
 .debug_frame   0x000007a4      0x150 Drivers\STM32F1xx_HAL_Driver\Src\stm32f1xx_hal_rcc.o
 .debug_frame   0x000008f4       0x6c Drivers\STM32F1xx_HAL_Driver\Src\stm32f1xx_hal_rcc_ex.o
 .debug_frame   0x00000960      0x928 Drivers\STM32F1xx_HAL_Driver\Src\stm32f1xx_hal_tim.o
 .debug_frame   0x00001288      0x360 Drivers\STM32F1xx_HAL_Driver\Src\stm32f1xx_hal_tim_ex.o
 .debug_frame   0x000015e8      0x498 Drivers\STM32F1xx_HAL_Driver\Src\stm32f1xx_hal_uart.o
 .debug_frame   0x00001a80       0x4c Drivers\ringbuffer_dma\ringbuffer_dma.o
 .debug_frame   0x00001acc       0x78 Src\adc.o
 .debug_frame   0x00001b44       0x28 Src\dma.o
 .debug_frame   0x00001b6c       0xd0 Src\dwt.o
 .debug_frame   0x00001c3c       0x78 Src\gpio.o
 .debug_frame   0x00001cb4      0x198 Src\main.o
 .debug_frame   0x00001e4c       0x30 Src\rcc.o
 .debug_frame   0x00001e7c       0x28 Src\stm32f1xx_hal_msp.o
 .debug_frame   0x00001ea4      0x128 Src\stm32f1xx_it.o
 .debug_frame   0x00001fcc      0x1a8 Src\syscalls.o
 .debug_frame   0x00002174       0x30 Src\system_stm32f1xx.o
 .debug_frame   0x000021a4       0x94 Src\tim.o
 .debug_frame   0x00002238       0xb4 Src\usart.o
 .debug_frame   0x000022ec       0x30 c:/program files (x86)/atollic/truestudio for stm32 9.3.0/armtools/bin/../lib/gcc/arm-atollic-eabi/6.3.1/../../../../arm-atollic-eabi/lib/armv7-m\libc_nano.a(lib_a-atoi.o)
 .debug_frame   0x0000231c       0x20 c:/program files (x86)/atollic/truestudio for stm32 9.3.0/armtools/bin/../lib/gcc/arm-atollic-eabi/6.3.1/../../../../arm-atollic-eabi/lib/armv7-m\libc_nano.a(lib_a-errno.o)
 .debug_frame   0x0000233c       0x2c c:/program files (x86)/atollic/truestudio for stm32 9.3.0/armtools/bin/../lib/gcc/arm-atollic-eabi/6.3.1/../../../../arm-atollic-eabi/lib/armv7-m\libc_nano.a(lib_a-init.o)
 .debug_frame   0x00002368       0x20 c:/program files (x86)/atollic/truestudio for stm32 9.3.0/armtools/bin/../lib/gcc/arm-atollic-eabi/6.3.1/../../../../arm-atollic-eabi/lib/armv7-m\libc_nano.a(lib_a-memset.o)
 .debug_frame   0x00002388       0x70 c:/program files (x86)/atollic/truestudio for stm32 9.3.0/armtools/bin/../lib/gcc/arm-atollic-eabi/6.3.1/../../../../arm-atollic-eabi/lib/armv7-m\libc_nano.a(lib_a-sprintf.o)
 .debug_frame   0x000023f8       0x20 c:/program files (x86)/atollic/truestudio for stm32 9.3.0/armtools/bin/../lib/gcc/arm-atollic-eabi/6.3.1/../../../../arm-atollic-eabi/lib/armv7-m\libc_nano.a(lib_a-strcmp.o)
 .debug_frame   0x00002418       0x20 c:/program files (x86)/atollic/truestudio for stm32 9.3.0/armtools/bin/../lib/gcc/arm-atollic-eabi/6.3.1/../../../../arm-atollic-eabi/lib/armv7-m\libc_nano.a(lib_a-strcpy.o)
 .debug_frame   0x00002438       0x28 c:/program files (x86)/atollic/truestudio for stm32 9.3.0/armtools/bin/../lib/gcc/arm-atollic-eabi/6.3.1/../../../../arm-atollic-eabi/lib/armv7-m\libc_nano.a(lib_a-strncmp.o)
 .debug_frame   0x00002460       0x2c c:/program files (x86)/atollic/truestudio for stm32 9.3.0/armtools/bin/../lib/gcc/arm-atollic-eabi/6.3.1/../../../../arm-atollic-eabi/lib/armv7-m\libc_nano.a(lib_a-strncpy.o)
 .debug_frame   0x0000248c       0x88 c:/program files (x86)/atollic/truestudio for stm32 9.3.0/armtools/bin/../lib/gcc/arm-atollic-eabi/6.3.1/../../../../arm-atollic-eabi/lib/armv7-m\libc_nano.a(lib_a-strtol.o)
 .debug_frame   0x00002514       0x68 c:/program files (x86)/atollic/truestudio for stm32 9.3.0/armtools/bin/../lib/gcc/arm-atollic-eabi/6.3.1/../../../../arm-atollic-eabi/lib/armv7-m\libc_nano.a(lib_a-locale.o)
 .debug_frame   0x0000257c       0x48 c:/program files (x86)/atollic/truestudio for stm32 9.3.0/armtools/bin/../lib/gcc/arm-atollic-eabi/6.3.1/../../../../arm-atollic-eabi/lib/armv7-m\libc_nano.a(lib_a-mbtowc_r.o)
 .debug_frame   0x000025c4       0x90 c:/program files (x86)/atollic/truestudio for stm32 9.3.0/armtools/bin/../lib/gcc/arm-atollic-eabi/6.3.1/../../../../arm-atollic-eabi/lib/armv7-m\libc_nano.a(lib_a-nano-svfprintf.o)
 .debug_frame   0x00002654       0x60 c:/program files (x86)/atollic/truestudio for stm32 9.3.0/armtools/bin/../lib/gcc/arm-atollic-eabi/6.3.1/../../../../arm-atollic-eabi/lib/armv7-m\libc_nano.a(lib_a-nano-vfprintf_i.o)
 .debug_frame   0x000026b4       0x3c c:/program files (x86)/atollic/truestudio for stm32 9.3.0/armtools/bin/../lib/gcc/arm-atollic-eabi/6.3.1/../../../../arm-atollic-eabi/lib/armv7-m\libc_nano.a(lib_a-wctomb_r.o)
 .debug_frame   0x000026f0       0x28 c:/program files (x86)/atollic/truestudio for stm32 9.3.0/armtools/bin/../lib/gcc/arm-atollic-eabi/6.3.1/../../../../arm-atollic-eabi/lib/armv7-m\libc_nano.a(lib_a-memchr-stub.o)
 .debug_frame   0x00002718       0x28 c:/program files (x86)/atollic/truestudio for stm32 9.3.0/armtools/bin/../lib/gcc/arm-atollic-eabi/6.3.1/../../../../arm-atollic-eabi/lib/armv7-m\libc_nano.a(lib_a-memcpy-stub.o)
 .debug_frame   0x00002740       0x28 c:/program files (x86)/atollic/truestudio for stm32 9.3.0/armtools/bin/../lib/gcc/arm-atollic-eabi/6.3.1/../../../../arm-atollic-eabi/lib/armv7-m\libc_nano.a(lib_a-memmove.o)
 .debug_frame   0x00002768       0x38 c:/program files (x86)/atollic/truestudio for stm32 9.3.0/armtools/bin/../lib/gcc/arm-atollic-eabi/6.3.1/../../../../arm-atollic-eabi/lib/armv7-m\libc_nano.a(lib_a-nano-freer.o)
 .debug_frame   0x000027a0       0x2c c:/program files (x86)/atollic/truestudio for stm32 9.3.0/armtools/bin/../lib/gcc/arm-atollic-eabi/6.3.1/../../../../arm-atollic-eabi/lib/armv7-m\libc_nano.a(lib_a-nano-mallocr.o)
 .debug_frame   0x000027cc       0x3c c:/program files (x86)/atollic/truestudio for stm32 9.3.0/armtools/bin/../lib/gcc/arm-atollic-eabi/6.3.1/../../../../arm-atollic-eabi/lib/armv7-m\libc_nano.a(lib_a-nano-reallocr.o)
 .debug_frame   0x00002808       0x2c c:/program files (x86)/atollic/truestudio for stm32 9.3.0/armtools/bin/../lib/gcc/arm-atollic-eabi/6.3.1/../../../../arm-atollic-eabi/lib/armv7-m\libc_nano.a(lib_a-sbrkr.o)
 .debug_frame   0x00002834       0x30 c:/program files (x86)/atollic/truestudio for stm32 9.3.0/armtools/bin/../lib/gcc/arm-atollic-eabi/6.3.1/../../../../arm-atollic-eabi/lib/armv7-m\libc_nano.a(lib_a-mlock.o)
 .debug_frame   0x00002864       0x20 c:/program files (x86)/atollic/truestudio for stm32 9.3.0/armtools/bin/../lib/gcc/arm-atollic-eabi/6.3.1/../../../../arm-atollic-eabi/lib/armv7-m\libc_nano.a(lib_a-nano-msizer.o)
 .debug_frame   0x00002884       0x5c c:/program files (x86)/atollic/truestudio for stm32 9.3.0/armtools/bin/../lib/gcc/arm-atollic-eabi/6.3.1/../../../../arm-atollic-eabi/lib/armv7-m\libc_nano.a(lib_a-reent.o)
 .debug_frame   0x000028e0       0x38 c:/program files (x86)/atollic/truestudio for stm32 9.3.0/armtools/bin/../lib/gcc/arm-atollic-eabi/6.3.1/../../../../arm-atollic-eabi/lib/armv7-m\libm.a(lib_a-w_log10.o)
 .debug_frame   0x00002918       0x40 c:/program files (x86)/atollic/truestudio for stm32 9.3.0/armtools/bin/../lib/gcc/arm-atollic-eabi/6.3.1/../../../../arm-atollic-eabi/lib/armv7-m\libm.a(lib_a-w_pow.o)
 .debug_frame   0x00002958       0x34 c:/program files (x86)/atollic/truestudio for stm32 9.3.0/armtools/bin/../lib/gcc/arm-atollic-eabi/6.3.1/../../../../arm-atollic-eabi/lib/armv7-m\libm.a(lib_a-e_log10.o)
 .debug_frame   0x0000298c       0x64 c:/program files (x86)/atollic/truestudio for stm32 9.3.0/armtools/bin/../lib/gcc/arm-atollic-eabi/6.3.1/../../../../arm-atollic-eabi/lib/armv7-m\libm.a(lib_a-e_pow.o)
 .debug_frame   0x000029f0       0x30 c:/program files (x86)/atollic/truestudio for stm32 9.3.0/armtools/bin/../lib/gcc/arm-atollic-eabi/6.3.1/../../../../arm-atollic-eabi/lib/armv7-m\libm.a(lib_a-e_sqrt.o)
 .debug_frame   0x00002a20       0x20 c:/program files (x86)/atollic/truestudio for stm32 9.3.0/armtools/bin/../lib/gcc/arm-atollic-eabi/6.3.1/../../../../arm-atollic-eabi/lib/armv7-m\libm.a(lib_a-s_fabs.o)
 .debug_frame   0x00002a40       0x20 c:/program files (x86)/atollic/truestudio for stm32 9.3.0/armtools/bin/../lib/gcc/arm-atollic-eabi/6.3.1/../../../../arm-atollic-eabi/lib/armv7-m\libm.a(lib_a-s_finite.o)