main.c:256:6:Process_Command	8	static
main.c:287:6:Info_Sensors	24	static
main.c:296:6:Measure_DigitalSensors	16	static
main.c:329:6:Transforming_DataAnalogSensors	16	static
main.c:342:6:Answer_OK	8	static
main.c:348:6:Answer_UnknownParameter	8	static
main.c:354:6:write_Limits	16	static
main.c:378:6:Set_LimitSettings	8	static
main.c:518:6:Start_Periphery	0	static
main.c:524:6:Stop_Periphery	8	static
main.c:539:6:Relay_Algorithm	16	static
main.c:569:6:PWM_Algorithm	0	static
main.c:151:5:main	32	static
main.c:584:6:Error_Handler	0	static
