stm32f1xx_it.c:89:6:NMI_Handler	0	static
stm32f1xx_it.c:102:6:HardFault_Handler	0	static
stm32f1xx_it.c:117:6:MemManage_Handler	0	static
stm32f1xx_it.c:132:6:BusFault_Handler	0	static
stm32f1xx_it.c:147:6:UsageFault_Handler	0	static
stm32f1xx_it.c:162:6:SVC_Handler	0	static
stm32f1xx_it.c:175:6:DebugMon_Handler	0	static
stm32f1xx_it.c:188:6:PendSV_Handler	0	static
stm32f1xx_it.c:201:6:SysTick_Handler	0	static
stm32f1xx_it.c:222:6:EXTI3_IRQHandler	8	static
stm32f1xx_it.c:240:6:DMA1_Channel6_IRQHandler	0	static
stm32f1xx_it.c:253:6:TIM1_CC_IRQHandler	0	static
stm32f1xx_it.c:310:6:HAL_TIM_PWM_PulseFinishedCallback	0	static
stm32f1xx_it.c:321:6:Switch_Control	8	static
stm32f1xx_it.c:267:6:TIM2_IRQHandler	8	static
